<html>
<body>
<pre>
<h1>µVision Build Log</h1>
<h2>Tool Versions:</h2>
IDE-Version: ¦ÌVision V5.36.0.0
Copyright (C) 2021 ARM Ltd and ARM Germany GmbH. All rights reserved.
License Information: 11 8615360995401, 11, LIC=ATTQ1-C87I1-BSMYX-HRRPS-JFC8C-HWIJ5
 
Tool Versions:
Toolchain:       MDK-ARM Plus  Version: 5.36.0.0
Toolchain Path:  C:\Keil_v5\ARM\ARMCC\Bin
C Compiler:      Armcc.exe V5.06 update 7 (build 960)
Assembler:       Armasm.exe V5.06 update 7 (build 960)
Linker/Locator:  ArmLink.exe V5.06 update 7 (build 960)
Library Manager: ArmAr.exe V5.06 update 7 (build 960)
Hex Converter:   FromElf.exe V5.06 update 7 (build 960)
CPU DLL:         SARMCM3.DLL V5.36.0.0
Dialog DLL:      DCM.DLL V1.17.3.0
Target DLL:      CMSIS_AGDI.dll V1.33.0.0
Dialog DLL:      TCM.DLL V1.53.0.0
 
<h2>Project:</h2>
C:\Users\86153\sentry\chassical\HZU_sentry_a\MDK-ARM\HZU_sentry_a.uvprojx
Project File Date:  04/30/2024

<h2>Output:</h2>
*** Using Compiler 'V5.06 update 7 (build 960)', folder: 'C:\Keil_v5\ARM\ARMCC\Bin'
Build target 'HZU_sentry_a'
compiling chassis_task.c...
../User/App/remote_app.h(18): warning:  #47-D: incompatible redefinition of macro "KEY_PRESSED_OFFSET_W"  (declared at line 10 of "..\User\Task\chassis_task.h")
  #define KEY_PRESSED_OFFSET_W            ((uint16_t)1 << 0)
../User/App/remote_app.h(19): warning:  #47-D: incompatible redefinition of macro "KEY_PRESSED_OFFSET_S"  (declared at line 11 of "..\User\Task\chassis_task.h")
  #define KEY_PRESSED_OFFSET_S            ((uint16_t)1 << 1)
../User/App/remote_app.h(20): warning:  #47-D: incompatible redefinition of macro "KEY_PRESSED_OFFSET_A"  (declared at line 12 of "..\User\Task\chassis_task.h")
  #define KEY_PRESSED_OFFSET_A            ((uint16_t)1 << 2)
../User/App/remote_app.h(21): warning:  #47-D: incompatible redefinition of macro "KEY_PRESSED_OFFSET_D"  (declared at line 13 of "..\User\Task\chassis_task.h")
  #define KEY_PRESSED_OFFSET_D            ((uint16_t)1 << 3)
..\User\Task\chassis_task.c(279): warning:  #1035-D: single-precision operand implicitly converted to double-precision
  		chassis->forward_back = -(chassis->connect->forward_speed)*100.0;
..\User\Task\chassis_task.c(280): warning:  #1035-D: single-precision operand implicitly converted to double-precision
  		chassis->left_right   = (chassis->connect->zuoyou_speed)*100.0;
..\User\Task\chassis_task.c(284): warning:  #1035-D: single-precision operand implicitly converted to double-precision
  		cmd_forward_pid.set = -(chassis->connect->forward_speed)*100.0;
..\User\Task\chassis_task.c(285): warning:  #1035-D: single-precision operand implicitly converted to double-precision
  		cmd_zuoyou_pid.set = (chassis->connect->zuoyou_speed)*100.0;
..\User\Task\chassis_task.c: 8 warnings, 0 errors
linking...
Program Size: Code=54192 RO-data=2432 RW-data=812 ZI-data=22964  
FromELF: creating hex file...
"HZU_sentry_a\HZU_sentry_a.axf" - 0 Error(s), 8 Warning(s).

<h2>Software Packages used:</h2>

Package Vendor: ARM
                http://www.keil.com/pack/ARM.CMSIS.5.8.0.pack
                ARM.CMSIS.5.8.0
                CMSIS (Common Microcontroller Software Interface Standard)
   * Component: CORE Version: 5.5.0

Package Vendor: Keil
                http://www.keil.com/pack/Keil.STM32F4xx_DFP.2.13.0.pack
                Keil.STM32F4xx_DFP.2.13.0
                STMicroelectronics STM32F4 Series Device Support, Drivers and Examples

<h2>Collection of Component include folders:</h2>
  .\RTE\_HZU_sentry_a
  C:\Keil_v5\ARM\PACK\ARM\CMSIS\5.8.0\CMSIS\Core\Include
  C:\Keil_v5\ARM\PACK\Keil\STM32F4xx_DFP\2.13.0\Drivers\CMSIS\Device\ST\STM32F4xx\Include

<h2>Collection of Component Files used:</h2>

   * Component: ARM::CMSIS:CORE:5.5.0
      Include file:  CMSIS\Core\Include\tz_context.h
Build Time Elapsed:  00:00:08
</pre>
</body>
</html>
