Component: ARM Compiler 5.06 update 7 (build 960) Tool: armlink [4d3601]

==============================================================================

Section Cross References

    startup_stm32f427xx.o(STACK) refers (Special) to heapauxi.o(.text) for __use_two_region_memory
    startup_stm32f427xx.o(HEAP) refers (Special) to heapauxi.o(.text) for __use_two_region_memory
    startup_stm32f427xx.o(RESET) refers (Special) to heapauxi.o(.text) for __use_two_region_memory
    startup_stm32f427xx.o(RESET) refers to startup_stm32f427xx.o(STACK) for __initial_sp
    startup_stm32f427xx.o(RESET) refers to startup_stm32f427xx.o(.text) for Reset_Handler
    startup_stm32f427xx.o(RESET) refers to stm32f4xx_it.o(i.NMI_Handler) for NMI_Handler
    startup_stm32f427xx.o(RESET) refers to stm32f4xx_it.o(i.HardFault_Handler) for HardFault_Handler
    startup_stm32f427xx.o(RESET) refers to stm32f4xx_it.o(i.MemManage_Handler) for MemManage_Handler
    startup_stm32f427xx.o(RESET) refers to stm32f4xx_it.o(i.BusFault_Handler) for BusFault_Handler
    startup_stm32f427xx.o(RESET) refers to stm32f4xx_it.o(i.UsageFault_Handler) for UsageFault_Handler
    startup_stm32f427xx.o(RESET) refers to port.o(.emb_text) for SVC_Handler
    startup_stm32f427xx.o(RESET) refers to stm32f4xx_it.o(i.DebugMon_Handler) for DebugMon_Handler
    startup_stm32f427xx.o(RESET) refers to cmsis_os2.o(i.SysTick_Handler) for SysTick_Handler
    startup_stm32f427xx.o(RESET) refers to stm32f4xx_it.o(i.DMA1_Stream1_IRQHandler) for DMA1_Stream1_IRQHandler
    startup_stm32f427xx.o(RESET) refers to stm32f4xx_it.o(i.DMA1_Stream3_IRQHandler) for DMA1_Stream3_IRQHandler
    startup_stm32f427xx.o(RESET) refers to stm32f4xx_it.o(i.CAN1_RX0_IRQHandler) for CAN1_RX0_IRQHandler
    startup_stm32f427xx.o(RESET) refers to stm32f4xx_it.o(i.TIM1_UP_TIM10_IRQHandler) for TIM1_UP_TIM10_IRQHandler
    startup_stm32f427xx.o(RESET) refers to stm32f4xx_it.o(i.TIM3_IRQHandler) for TIM3_IRQHandler
    startup_stm32f427xx.o(RESET) refers to stm32f4xx_it.o(i.TIM4_IRQHandler) for TIM4_IRQHandler
    startup_stm32f427xx.o(RESET) refers to stm32f4xx_it.o(i.I2C2_EV_IRQHandler) for I2C2_EV_IRQHandler
    startup_stm32f427xx.o(RESET) refers to stm32f4xx_it.o(i.USART3_IRQHandler) for USART3_IRQHandler
    startup_stm32f427xx.o(RESET) refers to stm32f4xx_it.o(i.CAN2_RX0_IRQHandler) for CAN2_RX0_IRQHandler
    startup_stm32f427xx.o(RESET) refers to stm32f4xx_it.o(i.USART6_IRQHandler) for USART6_IRQHandler
    startup_stm32f427xx.o(.text) refers (Special) to heapauxi.o(.text) for __use_two_region_memory
    startup_stm32f427xx.o(.text) refers to system_stm32f4xx.o(i.SystemInit) for SystemInit
    startup_stm32f427xx.o(.text) refers to __main.o(!!!main) for __main
    startup_stm32f427xx.o(.text) refers to startup_stm32f427xx.o(HEAP) for Heap_Mem
    startup_stm32f427xx.o(.text) refers to startup_stm32f427xx.o(STACK) for Stack_Mem
    main.o(i.HAL_TIM_PeriodElapsedCallback) refers to stm32f4xx_hal.o(i.HAL_IncTick) for HAL_IncTick
    main.o(i.HAL_UART_RxCpltCallback) refers to stm32f4xx_hal_uart.o(i.HAL_UART_DMAStop) for HAL_UART_DMAStop
    main.o(i.HAL_UART_RxCpltCallback) refers to judge.o(i.process_judge_message) for process_judge_message
    main.o(i.HAL_UART_RxCpltCallback) refers to rt_memclr.o(.text) for __aeabi_memclr
    main.o(i.HAL_UART_RxCpltCallback) refers to stm32f4xx_hal_uart.o(i.HAL_UART_Receive_DMA) for HAL_UART_Receive_DMA
    main.o(i.HAL_UART_RxCpltCallback) refers to usart.o(.bss) for huart3
    main.o(i.HAL_UART_RxCpltCallback) refers to main.o(.bss) for usart3_rx_data
    main.o(i.SystemClock_Config) refers to rt_memclr_w.o(.text) for __aeabi_memclr4
    main.o(i.SystemClock_Config) refers to stm32f4xx_hal_rcc.o(i.HAL_RCC_OscConfig) for HAL_RCC_OscConfig
    main.o(i.SystemClock_Config) refers to main.o(i.Error_Handler) for Error_Handler
    main.o(i.SystemClock_Config) refers to stm32f4xx_hal_pwr_ex.o(i.HAL_PWREx_EnableOverDrive) for HAL_PWREx_EnableOverDrive
    main.o(i.SystemClock_Config) refers to stm32f4xx_hal_rcc.o(i.HAL_RCC_ClockConfig) for HAL_RCC_ClockConfig
    main.o(i.main) refers to stm32f4xx_hal.o(i.HAL_Init) for HAL_Init
    main.o(i.main) refers to main.o(i.SystemClock_Config) for SystemClock_Config
    main.o(i.main) refers to gpio.o(i.MX_GPIO_Init) for MX_GPIO_Init
    main.o(i.main) refers to dma.o(i.MX_DMA_Init) for MX_DMA_Init
    main.o(i.main) refers to tim.o(i.MX_TIM3_Init) for MX_TIM3_Init
    main.o(i.main) refers to can.o(i.MX_CAN1_Init) for MX_CAN1_Init
    main.o(i.main) refers to can.o(i.MX_CAN2_Init) for MX_CAN2_Init
    main.o(i.main) refers to usart.o(i.MX_USART3_UART_Init) for MX_USART3_UART_Init
    main.o(i.main) refers to spi.o(i.MX_SPI5_Init) for MX_SPI5_Init
    main.o(i.main) refers to usart.o(i.MX_USART6_UART_Init) for MX_USART6_UART_Init
    main.o(i.main) refers to tim.o(i.MX_TIM4_Init) for MX_TIM4_Init
    main.o(i.main) refers to i2c.o(i.MX_I2C2_Init) for MX_I2C2_Init
[...]
    vListInsertEnd                           0x0800b2cd   Thumb Code    24  list.o(i.vListInsertEnd)
    vPortEnterCritical                       0x0800b2e5   Thumb Code    76  port.o(i.vPortEnterCritical)
    vPortExitCritical                        0x0800b339   Thumb Code    56  port.o(i.vPortExitCritical)
    vPortFree                                0x0800b375   Thumb Code   150  heap_4.o(i.vPortFree)
    vPortSetupTimerInterrupt                 0x0800b419   Thumb Code    36  port.o(i.vPortSetupTimerInterrupt)
    vPortValidateInterruptPriority           0x0800b441   Thumb Code   106  port.o(i.vPortValidateInterruptPriority)
    vQueueAddToRegistry                      0x0800b4b9   Thumb Code    38  queue.o(i.vQueueAddToRegistry)
    vQueueWaitForMessageRestricted           0x0800b4e5   Thumb Code    74  queue.o(i.vQueueWaitForMessageRestricted)
    vTaskDelay                               0x0800b531   Thumb Code    82  tasks.o(i.vTaskDelay)
    vTaskDelayUntil                          0x0800b58d   Thumb Code   200  tasks.o(i.vTaskDelayUntil)
    vTaskDelete                              0x0800b661   Thumb Code   168  tasks.o(i.vTaskDelete)
    vTaskInternalSetTimeOutState             0x0800b729   Thumb Code    14  tasks.o(i.vTaskInternalSetTimeOutState)
    vTaskMissedYield                         0x0800b741   Thumb Code     8  tasks.o(i.vTaskMissedYield)
    vTaskPlaceOnEventList                    0x0800b74d   Thumb Code    52  tasks.o(i.vTaskPlaceOnEventList)
    vTaskPlaceOnEventListRestricted          0x0800b785   Thumb Code    60  tasks.o(i.vTaskPlaceOnEventListRestricted)
    vTaskStartScheduler                      0x0800b7c5   Thumb Code   160  tasks.o(i.vTaskStartScheduler)
    vTaskSuspendAll                          0x0800b881   Thumb Code    12  tasks.o(i.vTaskSuspendAll)
    vTaskSwitchContext                       0x0800b891   Thumb Code   176  tasks.o(i.vTaskSwitchContext)
    xPortStartScheduler                      0x0800b95d   Thumb Code   330  port.o(i.xPortStartScheduler)
    xPortSysTickHandler                      0x0800bac5   Thumb Code    46  port.o(i.xPortSysTickHandler)
    xQueueGenericCreateStatic                0x0800baf9   Thumb Code   224  queue.o(i.xQueueGenericCreateStatic)
    xQueueGenericReset                       0x0800bbd9   Thumb Code   146  queue.o(i.xQueueGenericReset)
    xQueueGenericSend                        0x0800bc71   Thumb Code   420  queue.o(i.xQueueGenericSend)
    xQueueGenericSendFromISR                 0x0800be19   Thumb Code   252  queue.o(i.xQueueGenericSendFromISR)
    xQueueReceive                            0x0800bf15   Thumb Code   356  queue.o(i.xQueueReceive)
    xTaskCheckForTimeOut                     0x0800c07d   Thumb Code   156  tasks.o(i.xTaskCheckForTimeOut)
    xTaskCreate                              0x0800c125   Thumb Code   100  tasks.o(i.xTaskCreate)
    xTaskCreateStatic                        0x0800c189   Thumb Code   186  tasks.o(i.xTaskCreateStatic)
    xTaskGetCurrentTaskHandle                0x0800c245   Thumb Code     6  tasks.o(i.xTaskGetCurrentTaskHandle)
    xTaskGetSchedulerState                   0x0800c251   Thumb Code    24  tasks.o(i.xTaskGetSchedulerState)
    xTaskGetTickCount                        0x0800c271   Thumb Code     6  tasks.o(i.xTaskGetTickCount)
    xTaskIncrementTick                       0x0800c27d   Thumb Code   280  tasks.o(i.xTaskIncrementTick)
    xTaskPriorityDisinherit                  0x0800c3c1   Thumb Code   152  tasks.o(i.xTaskPriorityDisinherit)
    xTaskRemoveFromEventList                 0x0800c465   Thumb Code   126  tasks.o(i.xTaskRemoveFromEventList)
    xTaskResumeAll                           0x0800c4fd   Thumb Code   222  tasks.o(i.xTaskResumeAll)
    xTimerCreateTimerTask                    0x0800c601   Thumb Code   100  timers.o(i.xTimerCreateTimerTask)
    xTimerGenericCommand                     0x0800c679   Thumb Code   128  timers.o(i.xTimerGenericCommand)
    _get_lc_ctype                            0x0800c815   Thumb Code    44  lc_ctype_c.o(locale$$code)
    __aeabi_dneg                             0x0800c841   Thumb Code     0  basic.o(x$fpl$basic)
    _dneg                                    0x0800c841   Thumb Code     6  basic.o(x$fpl$basic)
    __aeabi_fneg                             0x0800c847   Thumb Code     0  basic.o(x$fpl$basic)
    _fneg                                    0x0800c847   Thumb Code     6  basic.o(x$fpl$basic)
    _dabs                                    0x0800c84d   Thumb Code     6  basic.o(x$fpl$basic)
    _fabs                                    0x0800c853   Thumb Code     6  basic.o(x$fpl$basic)
    __aeabi_d2f                              0x0800c859   Thumb Code     0  d2f.o(x$fpl$d2f)
    _d2f                                     0x0800c859   Thumb Code    98  d2f.o(x$fpl$d2f)
    __aeabi_dadd                             0x0800c8bd   Thumb Code     0  daddsub_clz.o(x$fpl$dadd)
    _dadd                                    0x0800c8bd   Thumb Code   332  daddsub_clz.o(x$fpl$dadd)
    __fpl_dcmp_Inf                           0x0800ca0d   Thumb Code    24  dcmpi.o(x$fpl$dcmpinf)
    __aeabi_ddiv                             0x0800ca25   Thumb Code     0  ddiv.o(x$fpl$ddiv)
    _ddiv                                    0x0800ca25   Thumb Code   552  ddiv.o(x$fpl$ddiv)
    __aeabi_cdcmpeq                          0x0800ccd5   Thumb Code     0  deqf.o(x$fpl$deqf)
    _dcmpeq                                  0x0800ccd5   Thumb Code   120  deqf.o(x$fpl$deqf)
    __aeabi_d2iz                             0x0800cd4d   Thumb Code     0  dfix.o(x$fpl$dfix)
    _dfix                                    0x0800cd4d   Thumb Code    94  dfix.o(x$fpl$dfix)
    __aeabi_i2d                              0x0800cdab   Thumb Code     0  dflt_clz.o(x$fpl$dflt)
    _dflt                                    0x0800cdab   Thumb Code    46  dflt_clz.o(x$fpl$dflt)
    __aeabi_ui2d                             0x0800cdd9   Thumb Code     0  dflt_clz.o(x$fpl$dfltu)
    _dfltu                                   0x0800cdd9   Thumb Code    38  dflt_clz.o(x$fpl$dfltu)
    __aeabi_cdcmple                          0x0800ce01   Thumb Code     0  dleqf.o(x$fpl$dleqf)
    _dcmple                                  0x0800ce01   Thumb Code   120  dleqf.o(x$fpl$dleqf)
    __fpl_dcmple_InfNaN                      0x0800ce63   Thumb Code     0  dleqf.o(x$fpl$dleqf)
    __aeabi_dmul                             0x0800ce79   Thumb Code     0  dmul.o(x$fpl$dmul)
    _dmul                                    0x0800ce79   Thumb Code   332  dmul.o(x$fpl$dmul)
    __fpl_dnaninf                            0x0800cfcd   Thumb Code   156  dnaninf.o(x$fpl$dnaninf)
    __fpl_dretinf                            0x0800d069   Thumb Code    12  dretinf.o(x$fpl$dretinf)
    __aeabi_cdrcmple                         0x0800d075   Thumb Code     0  drleqf.o(x$fpl$drleqf)
    _drcmple                                 0x0800d075   Thumb Code   108  drleqf.o(x$fpl$drleqf)
    __aeabi_drsub                            0x0800d0e1   Thumb Code     0  daddsub_clz.o(x$fpl$drsb)
    _drsb                                    0x0800d0e1   Thumb Code    22  daddsub_clz.o(x$fpl$drsb)
    _dsqrt                                   0x0800d0f9   Thumb Code   404  dsqrt_umaal.o(x$fpl$dsqrt)
    __aeabi_dsub                             0x0800d291   Thumb Code     0  daddsub_clz.o(x$fpl$dsub)
    _dsub                                    0x0800d291   Thumb Code   464  daddsub_clz.o(x$fpl$dsub)
    __aeabi_f2d                              0x0800d465   Thumb Code     0  f2d.o(x$fpl$f2d)
    _f2d                                     0x0800d465   Thumb Code    86  f2d.o(x$fpl$f2d)
    __fpl_fnaninf                            0x0800d4bb   Thumb Code   140  fnaninf.o(x$fpl$fnaninf)
    _fp_init                                 0x0800d547   Thumb Code    10  fpinit.o(x$fpl$fpinit)
    __fplib_config_fpu_vfp                   0x0800d54f   Thumb Code     0  fpinit.o(x$fpl$fpinit)
    __fplib_config_pureend_doubles           0x0800d54f   Thumb Code     0  fpinit.o(x$fpl$fpinit)
    __fpl_fretinf                            0x0800d551   Thumb Code    10  fretinf.o(x$fpl$fretinf)
    __I$use$fp                               0x0800d55a   Number         0  usenofp.o(x$fpl$usenofp)
    defaultTask_attributes                   0x0800d55c   Data          36  freertos.o(.constdata)
    Start_Task_attr                          0x0800d580   Data          36  freertos.o(.constdata)
    AHBPrescTable                            0x0800d5ac   Data          16  system_stm32f4xx.o(.constdata)
    APBPrescTable                            0x0800d5bc   Data           8  system_stm32f4xx.o(.constdata)
    CRC8_INIT                                0x0800d5c4   Data           1  judge.o(.constdata)
    CRC8_TAB                                 0x0800d5c5   Data         256  judge.o(.constdata)
    CRC_INIT                                 0x0800d6c6   Data           2  judge.o(.constdata)
    wCRC_Table                               0x0800d6c8   Data         512  judge.o(.constdata)
    chassis_task_attr                        0x0800d8c8   Data          36  start_task.o(.constdata)
    connect_task_attr                        0x0800d8ec   Data          36  start_task.o(.constdata)
    ULTRASONIC_task_attr                     0x0800d910   Data          36  start_task.o(.constdata)
    test_task_attr                           0x0800d934   Data          36  start_task.o(.constdata)
    INS_task_attr                            0x0800d958   Data          36  start_task.o(.constdata)
    __mathlib_zero                           0x0800daa8   Data           8  qnan.o(.constdata)
    Region$$Table$$Base                      0x0800dc00   Number         0  anon$$obj.o(Region$$Table)
    Region$$Table$$Limit                     0x0800dc20   Number         0  anon$$obj.o(Region$$Table)
    __ctype                                  0x0800dc2d   Data           0  lc_ctype_c.o(locale$$data)
    time                                     0x20000000   Data           4  main.o(.data)
    us_5                                     0x20000008   Data           8  main.o(.data)
    odometer_sign                            0x20000010   Data           1  main.o(.data)
    defaultTaskHandle                        0x20000014   Data           4  freertos.o(.data)
    Start_Task_Handler                       0x20000018   Data           4  freertos.o(.data)
    can1_rx_data                             0x2000001c   Data           8  can.o(.data)
    can1_tx_data                             0x20000024   Data           8  can.o(.data)
    can2_rx_data                             0x2000002c   Data           8  can.o(.data)
    can2_tx_data                             0x20000034   Data           8  can.o(.data)
    freertos_run_time                        0x20000040   Data           8  tim.o(.data)
    abuffer                                  0x20000048   Data           1  stm32f4xx_it.o(.data)
    uwTick                                   0x2000004c   Data           4  stm32f4xx_hal.o(.data)
    uwTickPrio                               0x20000050   Data           4  stm32f4xx_hal.o(.data)
    uwTickFreq                               0x20000054   Data           1  stm32f4xx_hal.o(.data)
    SystemCoreClock                          0x20000058   Data           4  system_stm32f4xx.o(.data)
    pxCurrentTCB                             0x2000005c   Data           4  tasks.o(.data)
    cali_chassis_pid                         0x200000e8   Data          48  pid.o(.data)
    intValue                                 0x20000118   Data           4  can2_app.o(.data)
    referee_warning                          0x2000011c   Data           3  judge.o(.data)
    robot_buff                               0x2000011f   Data           6  judge.o(.data)
    robot_hurt                               0x20000125   Data           1  judge.o(.data)
    shoot_data                               0x20000126   Data           7  judge.o(.data)
    bullets_remaining                        0x2000012d   Data           6  judge.o(.data)
    last_in                                  0x20000134   Data           4  chassis_task.o(.data)
    ch2                                      0x20000138   Data           4  chassis_task.o(.data)
    ch3                                      0x2000013c   Data           4  chassis_task.o(.data)
    T                                        0x20000140   Data           4  chassis_task.o(.data)
    rotate_speed                             0x20000144   Data           4  chassis_task.o(.data)
    out                                      0x20000148   Data           4  chassis_task.o(.data)
    chassis_value                            0x2000014c   Data           4  chassis_task.o(.data)
    delta_init_value                         0x20000150   Data           4  chassis_task.o(.data)
    last_delta                               0x20000154   Data           4  chassis_task.o(.data)
    delta                                    0x20000158   Data           4  chassis_task.o(.data)
    yaw_set                                  0x2000015c   Data           4  chassis_task.o(.data)
    yaw_fdb                                  0x20000160   Data           4  chassis_task.o(.data)
    yaw_rotate_set                           0x20000164   Data           4  chassis_task.o(.data)
    yaw_raw1                                 0x20000168   Data           4  chassis_task.o(.data)
    k                                        0x2000016c   Data           4  chassis_task.o(.data)
    delta_value                              0x20000170   Data           4  chassis_task.o(.data)
    rotate_init_flag                         0x20000174   Data           1  chassis_task.o(.data)
    last_mode                                0x20000175   Data           1  chassis_task.o(.data)
    delta_start_flag                         0x20000176   Data           1  chassis_task.o(.data)
    T1                                       0x20000178   Data           2  chassis_task.o(.data)
    tim                                      0x2000017c   Data           4  chassis_task.o(.data)
    car                                      0x20000180   Data          44  chassis_task.o(.data)
    cmd_forward_pid                          0x200001ac   Data          72  chassis_task.o(.data)
    cmd_zuoyou_pid                           0x200001f4   Data          72  chassis_task.o(.data)
    time1                                    0x2000023c   Data           2  chassis_task.o(.data)
    time2                                    0x2000023e   Data           2  chassis_task.o(.data)
    speed                                    0x20000240   Data           2  chassis_task.o(.data)
    NORMAL_SPPED                             0x20000242   Data           2  chassis_task.o(.data)
    SPORT_ROTATE_DECREASE                    0x20000244   Data           2  chassis_task.o(.data)
    num1                                     0x20000248   Data           4  chassis_task.o(.data)
    speed1                                   0x2000024c   Data           4  chassis_task.o(.data)
    num2                                     0x20000250   Data           4  chassis_task.o(.data)
    close_flag                               0x20000254   Data           1  chassis_task.o(.data)
    last_close_flag                          0x20000255   Data           1  chassis_task.o(.data)
    move_close_flag                          0x20000256   Data           1  chassis_task.o(.data)
    speed_factor1                            0x20000258   Data           4  chassis_task.o(.data)
    speed_factor2                            0x2000025c   Data           4  chassis_task.o(.data)
    speed_factor3                            0x20000260   Data           4  chassis_task.o(.data)
    first_rotate                             0x20000264   Data           1  chassis_task.o(.data)
    yaw_raw                                  0x20000266   Data           2  chassis_task.o(.data)
    delta_yaw                                0x20000268   Data           2  chassis_task.o(.data)
    ROTATE_BASE_SPEED                        0x2000026a   Data           2  chassis_task.o(.data)
    rotate_tend                              0x2000026c   Data           2  chassis_task.o(.data)
    rotate_num                               0x2000026e   Data           2  chassis_task.o(.data)
    action_flag                              0x20000270   Data           1  chassis_task.o(.data)
    sentry_mode                              0x20000271   Data           1  chassis_task.o(.data)
    sentry_work_mode                         0x20000272   Data           1  chassis_task.o(.data)
    move_speed                               0x20000273   Data           1  chassis_task.o(.data)
    left_move                                0x20000274   Data           1  chassis_task.o(.data)
    game_num                                 0x20000275   Data           1  chassis_task.o(.data)
    left_num                                 0x20000278   Data           4  chassis_task.o(.data)
    left_num1                                0x2000027c   Data           4  chassis_task.o(.data)
    yaw_yaw                                  0x20000280   Data           4  connect_task.o(.data)
    chassis_task_Handler                     0x20000284   Data           4  start_task.o(.data)
    connect_task_Handler                     0x20000288   Data           4  start_task.o(.data)
    ULTRASONIC_task_Handler                  0x2000028c   Data           4  start_task.o(.data)
    test_task_Handler                        0x20000290   Data           4  start_task.o(.data)
    INS_task_Handler                         0x20000294   Data           4  start_task.o(.data)
    Usart_Cnt                                0x20000298   Data           1  test_task.o(.data)
    result                                   0x2000029c   Data           4  test_task.o(.data)
    j                                        0x200002a0   Data           1  test_task.o(.data)
    i                                        0x200002a1   Data           1  test_task.o(.data)
    scale                                    0x200002a2   Data           2  test_task.o(.data)
    yaw_init                                 0x200002a4   Data           4  ins_task.o(.data)
    yaw                                      0x200002a8   Data           4  ins_task.o(.data)
    HCSR04_address                           0x200002ac   Data           1  ultrasonic_task.o(.data)
    slip_num                                 0x200002b0   Data           4  ultrasonic_task.o(.data)
    car_time                                 0x200002b4   Data           4  ultrasonic_task.o(.data)
    position_a                               0x200002b8   Data           8  ultrasonic_task.o(.data)
    kkk                                      0x200002c0   Data           4  ultrasonic_task.o(.data)
    l                                        0x200002c4   Data           4  ultrasonic_task.o(.data)
    cmd_yaw                                  0x200002c8   Data           4  ultrasonic_task.o(.data)
    q0                                       0x200002cc   Data           4  bsp_imu.o(.data)
    q1                                       0x200002d0   Data           4  bsp_imu.o(.data)
    q2                                       0x200002d4   Data           4  bsp_imu.o(.data)
    q3                                       0x200002d8   Data           4  bsp_imu.o(.data)
    exInt                                    0x200002dc   Data           4  bsp_imu.o(.data)
    eyInt                                    0x200002e0   Data           4  bsp_imu.o(.data)
    ezInt                                    0x200002e4   Data           4  bsp_imu.o(.data)
    last_update                              0x2000030c   Data           4  bsp_imu.o(.data)
    now_update                               0x20000310   Data           4  bsp_imu.o(.data)
    ist_buff                                 0x20000324   Data           6  bsp_imu.o(.data)
    id                                       0x2000032a   Data           1  bsp_imu.o(.data)
    usart3_rx_data                           0x2000032c   Data         128  main.o(.bss)
    can1_rx_header                           0x200003ac   Data          28  can.o(.bss)
    can1_tx_header                           0x200003c8   Data          24  can.o(.bss)
    can2_rx_header                           0x200003e0   Data          28  can.o(.bss)
    can2_tx_header                           0x200003fc   Data          24  can.o(.bss)
    hcan1                                    0x20000414   Data          40  can.o(.bss)
    hcan2                                    0x2000043c   Data          40  can.o(.bss)
    hi2c2                                    0x20000464   Data          84  i2c.o(.bss)
    hspi5                                    0x200004b8   Data          88  spi.o(.bss)
    htim3                                    0x20000510   Data          72  tim.o(.bss)
    htim4                                    0x20000558   Data          72  tim.o(.bss)
    huart3                                   0x200005a0   Data          68  usart.o(.bss)
    huart6                                   0x200005e4   Data          68  usart.o(.bss)
    hdma_usart3_rx                           0x20000628   Data          96  usart.o(.bss)
    hdma_usart3_tx                           0x20000688   Data          96  usart.o(.bss)
    htim1                                    0x200006e8   Data          72  stm32f4xx_hal_timebase_tim.o(.bss)
    xQueueRegistry                           0x20000730   Data          64  queue.o(.bss)
    cm1_msg                                  0x20005014   Data          84  can1_app.o(.bss)
    cm2_msg                                  0x20005068   Data          84  can1_app.o(.bss)
    cm3_msg                                  0x200050bc   Data          84  can1_app.o(.bss)
    cm4_msg                                  0x20005110   Data          84  can1_app.o(.bss)
    yaw_motor_msg                            0x20005164   Data          84  can2_app.o(.bss)
    judge_manegement                         0x200051b8   Data          39  judge.o(.bss)
    game_status                              0x200051df   Data          11  judge.o(.bss)
    robot_status                             0x200051ea   Data          13  judge.o(.bss)
    power_heat                               0x200051f7   Data          16  judge.o(.bss)
    rc_ctrl_data                             0x20005208   Data          24  remote_app.o(.bss)
    Infantry                                 0x20005220   Data          20  rule.o(.bss)
    chassis_control_data                     0x20005234   Data         108  chassis_task.o(.bss)
    chassis_pid                              0x200052a0   Data         360  chassis_task.o(.bss)
    connect_data                             0x20005408   Data          52  connect_task.o(.bss)
    Usart_Receive                            0x2000543c   Data          10  test_task.o(.bss)
    Usart_Receive1                           0x20005446   Data          10  test_task.o(.bss)
    CliendTxBuffer                           0x20005450   Data         200  test_task.o(.bss)
    ShowData                                 0x20005518   Data          32  test_task.o(.bss)
    mpu_buff                                 0x20005538   Data          14  bsp_imu.o(.bss)
    mpu_data                                 0x20005546   Data          32  bsp_imu.o(.bss)
    imu                                      0x20005568   Data          52  bsp_imu.o(.bss)
    _random_number_data                      0x2000559c   Data         228  rand.o(.bss)
    __libspace_start                         0x20005680   Data          96  libspace.o(.bss)
    __temporary_stack_top$libspace           0x200056e0   Data           0  libspace.o(.bss)



==============================================================================

Memory Map of the image

  Image Entry point : 0x080001ad

  Load Region LR_IROM1 (Base: 0x08000000, Size: 0x0000e05c, Max: 0x00200000, ABSOLUTE, COMPRESSED[0x0000ddb0])

    Execution Region ER_IROM1 (Exec base: 0x08000000, Load base: 0x08000000, Size: 0x0000dd30, Max: 0x00200000, ABSOLUTE)

    Exec Addr    Load Addr    Size         Type   Attr      Idx    E Section Name        Object

    0x08000000   0x08000000   0x000001ac   Data   RO            3    RESET               startup_stm32f427xx.o
    0x080001ac   0x080001ac   0x00000008   Code   RO         7939  * !!!main             c_w.l(__main.o)
    0x080001b4   0x080001b4   0x00000034   Code   RO         8328    !!!scatter          c_w.l(__scatter.o)
    0x080001e8   0x080001e8   0x0000005a   Code   RO         8326    !!dczerorl2         c_w.l(__dczerorl2.o)
    0x08000242   0x08000242   0x00000002   PAD
    0x08000244   0x08000244   0x0000001c   Code   RO         8330    !!handler_zi        c_w.l(__scatter_zi.o)
    0x08000260   0x08000260   0x00000000   Code   RO         7911    .ARM.Collect$$_printf_percent$$00000000  c_w.l(_printf_percent.o)
    0x08000260   0x08000260   0x00000006   Code   RO         7909    .ARM.Collect$$_printf_percent$$00000009  c_w.l(_printf_d.o)
    0x08000266   0x08000266   0x00000004   Code   RO         8093    .ARM.Collect$$_printf_percent$$00000017  c_w.l(_printf_percent_end.o)
    0x0800026a   0x0800026a   0x00000002   Code   RO         8252    .ARM.Collect$$libinit$$00000000  c_w.l(libinit.o)
    0x0800026c   0x0800026c   0x00000004   Code   RO         8096    .ARM.Collect$$libinit$$00000001  c_w.l(libinit2.o)
    0x08000270   0x08000270   0x00000000   Code   RO         8099    .ARM.Collect$$libinit$$00000004  c_w.l(libinit2.o)
    0x08000270   0x08000270   0x00000000   Code   RO         8102    .ARM.Collect$$libinit$$0000000A  c_w.l(libinit2.o)
    0x08000270   0x08000270   0x00000000   Code   RO         8104    .ARM.Collect$$libinit$$0000000C  c_w.l(libinit2.o)
    0x08000270   0x08000270   0x00000004   Code   RO         8105    .ARM.Collect$$libinit$$0000000D  c_w.l(libinit2.o)
    0x08000274   0x08000274   0x00000000   Code   RO         8106    .ARM.Collect$$libinit$$0000000E  c_w.l(libinit2.o)
    0x08000274   0x08000274   0x00000006   Code   RO         8107    .ARM.Collect$$libinit$$0000000F  c_w.l(libinit2.o)
    0x0800027a   0x0800027a   0x00000000   Code   RO         8109    .ARM.Collect$$libinit$$00000011  c_w.l(libinit2.o)
    0x0800027a   0x0800027a   0x0000000c   Code   RO         8110    .ARM.Collect$$libinit$$00000012  c_w.l(libinit2.o)
    0x08000286   0x08000286   0x00000000   Code   RO         8111    .ARM.Collect$$libinit$$00000013  c_w.l(libinit2.o)
    0x08000286   0x08000286   0x00000000   Code   RO         8113    .ARM.Collect$$libinit$$00000015  c_w.l(libinit2.o)
    0x08000286   0x08000286   0x00000000   Code   RO         8115    .ARM.Collect$$libinit$$00000017  c_w.l(libinit2.o)
    0x08000286   0x08000286   0x00000000   Code   RO         8117    .ARM.Collect$$libinit$$00000019  c_w.l(libinit2.o)
    0x08000286   0x08000286   0x00000000   Code   RO         8119    .ARM.Collect$$libinit$$0000001B  c_w.l(libinit2.o)
    0x08000286   0x08000286   0x00000000   Code   RO         8121    .ARM.Collect$$libinit$$0000001D  c_w.l(libinit2.o)
    0x08000286   0x08000286   0x00000000   Code   RO         8123    .ARM.Collect$$libinit$$0000001F  c_w.l(libinit2.o)
    0x08000286   0x08000286   0x00000000   Code   RO         8125    .ARM.Collect$$libinit$$00000021  c_w.l(libinit2.o)
    0x08000286   0x08000286   0x00000000   Code   RO         8127    .ARM.Collect$$libinit$$00000023  c_w.l(libinit2.o)
    0x08000286   0x08000286   0x00000000   Code   RO         8129    .ARM.Collect$$libinit$$00000025  c_w.l(libinit2.o)
    0x08000286   0x08000286   0x00000000   Code   RO         8133    .ARM.Collect$$libinit$$0000002C  c_w.l(libinit2.o)
    0x08000286   0x08000286   0x00000000   Code   RO         8135    .ARM.Collect$$libinit$$0000002E  c_w.l(libinit2.o)
    0x08000286   0x08000286   0x00000000   Code   RO         8137    .ARM.Collect$$libinit$$00000030  c_w.l(libinit2.o)
    0x08000286   0x08000286   0x00000000   Code   RO         8139    .ARM.Collect$$libinit$$00000032  c_w.l(libinit2.o)
    0x08000286   0x08000286   0x00000002   Code   RO         8140    .ARM.Collect$$libinit$$00000033  c_w.l(libinit2.o)
    0x08000288   0x08000288   0x00000002   Code   RO         8291    .ARM.Collect$$libshutdown$$00000000  c_w.l(libshutdown.o)
    0x0800028a   0x0800028a   0x00000000   Code   RO         8307    .ARM.Collect$$libshutdown$$00000002  c_w.l(libshutdown2.o)
    0x0800028a   0x0800028a   0x00000000   Code   RO         8309    .ARM.Collect$$libshutdown$$00000004  c_w.l(libshutdown2.o)
    0x0800028a   0x0800028a   0x00000000   Code   RO         8311    .ARM.Collect$$libshutdown$$00000006  c_w.l(libshutdown2.o)
    0x0800028a   0x0800028a   0x00000000   Code   RO         8314    .ARM.Collect$$libshutdown$$00000009  c_w.l(libshutdown2.o)
    0x0800028a   0x0800028a   0x00000000   Code   RO         8317    .ARM.Collect$$libshutdown$$0000000C  c_w.l(libshutdown2.o)
    0x0800028a   0x0800028a   0x00000000   Code   RO         8319    .ARM.Collect$$libshutdown$$0000000E  c_w.l(libshutdown2.o)
    0x0800028a   0x0800028a   0x00000000   Code   RO         8322    .ARM.Collect$$libshutdown$$00000011  c_w.l(libshutdown2.o)
    0x0800028a   0x0800028a   0x00000002   Code   RO         8323    .ARM.Collect$$libshutdown$$00000012  c_w.l(libshutdown2.o)
    0x0800028c   0x0800028c   0x00000000   Code   RO         8073    .ARM.Collect$$rtentry$$00000000  c_w.l(__rtentry.o)
    0x0800028c   0x0800028c   0x00000000   Code   RO         8199    .ARM.Collect$$rtentry$$00000002  c_w.l(__rtentry2.o)
    0x0800028c   0x0800028c   0x00000006   Code   RO         8211    .ARM.Collect$$rtentry$$00000004  c_w.l(__rtentry4.o)
    0x08000292   0x08000292   0x00000000   Code   RO         8201    .ARM.Collect$$rtentry$$00000009  c_w.l(__rtentry2.o)
    0x08000292   0x08000292   0x00000004   Code   RO         8202    .ARM.Collect$$rtentry$$0000000A  c_w.l(__rtentry2.o)
    0x08000296   0x08000296   0x00000000   Code   RO         8204    .ARM.Collect$$rtentry$$0000000C  c_w.l(__rtentry2.o)
    0x08000296   0x08000296   0x00000008   Code   RO         8205    .ARM.Collect$$rtentry$$0000000D  c_w.l(__rtentry2.o)
    0x0800029e   0x0800029e   0x00000002   Code   RO         8255    .ARM.Collect$$rtexit$$00000000  c_w.l(rtexit.o)
    0x080002a0   0x080002a0   0x00000000   Code   RO         8273    .ARM.Collect$$rtexit$$00000002  c_w.l(rtexit2.o)
    0x080002a0   0x080002a0   0x00000004   Code   RO         8274    .ARM.Collect$$rtexit$$00000003  c_w.l(rtexit2.o)
    0x080002a4   0x080002a4   0x00000006   Code   RO         8275    .ARM.Collect$$rtexit$$00000004  c_w.l(rtexit2.o)
    0x080002aa   0x080002aa   0x00000002   PAD
    0x080002ac   0x080002ac   0x000000be   Code   RO         6324    .emb_text           port.o
    0x0800036a   0x0800036a   0x00000002   PAD
    0x0800036c   0x0800036c   0x00000034   Code   RO         7914    .emb_text           c_w.l(rand.o)
    0x080003a0   0x080003a0   0x00000040   Code   RO            4    .text               startup_stm32f427xx.o
    0x080003e0   0x080003e0   0x00000002   Code   RO         7874    .text               c_w.l(use_no_semi_2.o)
    0x080003e2   0x080003e2   0x000000ee   Code   RO         7876    .text               c_w.l(lludivv7m.o)
    0x080004d0   0x080004d0   0x00000028   Code   RO         7880    .text               c_w.l(noretval__2sprintf.o)
    0x080004f8   0x080004f8   0x00000068   Code   RO         7882    .text               c_w.l(__printf.o)
    0x08000560   0x08000560   0x00000078   Code   RO         7886    .text               c_w.l(_printf_dec.o)
    0x080005d8   0x080005d8   0x0000001a   Code   RO         7912    .text               c_w.l(atoi.o)
    0x080005f2   0x080005f2   0x00000002   PAD
    0x080005f4   0x080005f4   0x0000003c   Code   RO         7915    .text               c_w.l(rand.o)
    0x08000630   0x08000630   0x00000018   Code   RO         7923    .text               c_w.l(strcat.o)
    0x08000648   0x08000648   0x0000008a   Code   RO         7925    .text               c_w.l(rt_memcpy_v6.o)
    0x080006d2   0x080006d2   0x00000064   Code   RO         7927    .text               c_w.l(rt_memcpy_w.o)
    0x08000736   0x08000736   0x00000010   Code   RO         7931    .text               c_w.l(aeabi_memset.o)
    0x08000746   0x08000746   0x00000044   Code   RO         7933    .text               c_w.l(rt_memclr.o)
    0x0800078a   0x0800078a   0x0000004e   Code   RO         7935    .text               c_w.l(rt_memclr_w.o)
    0x080007d8   0x080007d8   0x00000006   Code   RO         7937    .text               c_w.l(heapauxi.o)
    0x080007de   0x080007de   0x00000002   Code   RO         8071    .text               c_w.l(use_no_semi.o)
    0x080007e0   0x080007e0   0x00000008   Code   RO         8081    .text               c_w.l(rt_errno_addr_intlibspace.o)
    0x080007e8   0x080007e8   0x00000016   Code   RO         8083    .text               c_w.l(_rserrno.o)
    0x080007fe   0x080007fe   0x000000b2   Code   RO         8085    .text               c_w.l(_printf_intcommon.o)
    0x080008b0   0x080008b0   0x00000030   Code   RO         8087    .text               c_w.l(_printf_char_common.o)
    0x080008e0   0x080008e0   0x0000000a   Code   RO         8089    .text               c_w.l(_sputc.o)
    0x080008ea   0x080008ea   0x00000070   Code   RO         8094    .text               c_w.l(strtol.o)
    0x0800095a   0x0800095a   0x00000002   PAD
    0x0800095c   0x0800095c   0x00000008   Code   RO         8195    .text               c_w.l(libspace.o)
    0x08000964   0x08000964   0x00000010   Code   RO         8213    .text               c_w.l(rt_ctype_table.o)
    0x08000974   0x08000974   0x0000009e   Code   RO         8219    .text               c_w.l(_strtoul.o)
    0x08000a12   0x08000a12   0x0000004a   Code   RO         8225    .text               c_w.l(sys_stackheap_outer.o)
    0x08000a5c   0x08000a5c   0x00000008   Code   RO         8230    .text               c_w.l(rt_locale_intlibspace.o)
    0x08000a64   0x08000a64   0x0000001c   Code   RO         8232    .text               c_w.l(_chval.o)
    0x08000a80   0x08000a80   0x00000012   Code   RO         8237    .text               c_w.l(exit.o)
    0x08000a92   0x08000a92   0x00000002   PAD
    0x08000a94   0x08000a94   0x00000080   Code   RO         8269    .text               c_w.l(strcmpv7m.o)
    0x08000b14   0x08000b14   0x00000004   Code   RO          652    i.BusFault_Handler  stm32f4xx_it.o
    0x08000b18   0x08000b18   0x00000010   Code   RO          653    i.CAN1_RX0_IRQHandler  stm32f4xx_it.o
    0x08000b28   0x08000b28   0x00000010   Code   RO          654    i.CAN2_RX0_IRQHandler  stm32f4xx_it.o
    0x08000b38   0x08000b38   0x0000006c   Code   RO          363    i.CAN_APP_INIT      can.o
    0x08000ba4   0x08000ba4   0x00000030   Code   RO         7495    i.Clear_Usart_Receive  test_task.o
    0x08000bd4   0x08000bd4   0x00000010   Code   RO          655    i.DMA1_Stream1_IRQHandler  stm32f4xx_it.o
    0x08000be4   0x08000be4   0x00000010   Code   RO          656    i.DMA1_Stream3_IRQHandler  stm32f4xx_it.o
    0x08000bf4   0x08000bf4   0x00000034   Code   RO         1631    i.DMA_CalcBaseAndBitshift  stm32f4xx_hal_dma.o
    0x08000c28   0x08000c28   0x000000aa   Code   RO         1632    i.DMA_CheckFifoParam  stm32f4xx_hal_dma.o
    0x08000cd2   0x08000cd2   0x0000002c   Code   RO         1633    i.DMA_SetConfig     stm32f4xx_hal_dma.o
    0x08000cfe   0x08000cfe   0x00000002   Code   RO          657    i.DebugMon_Handler  stm32f4xx_it.o
    0x08000d00   0x08000d00   0x00000006   Code   RO           13    i.Error_Handler     main.o
    0x08000d06   0x08000d06   0x00000002   PAD
    0x08000d08   0x08000d08   0x00000034   Code   RO         7017    i.Get_CRC16_Check_Sum  judge.o
    0x08000d3c   0x08000d3c   0x00000024   Code   RO         7018    i.Get_CRC8_Check_Sum  judge.o
    0x08000d60   0x08000d60   0x0000002a   Code   RO          837    i.HAL_CAN_ActivateNotification  stm32f4xx_hal_can.o
    0x08000d8a   0x08000d8a   0x00000156   Code   RO          838    i.HAL_CAN_AddTxMessage  stm32f4xx_hal_can.o
    0x08000ee0   0x08000ee0   0x00000124   Code   RO          839    i.HAL_CAN_ConfigFilter  stm32f4xx_hal_can.o
    0x08001004   0x08001004   0x00000002   Code   RO          842    i.HAL_CAN_ErrorCallback  stm32f4xx_hal_can.o
    0x08001006   0x08001006   0x0000017a   Code   RO          845    i.HAL_CAN_GetRxMessage  stm32f4xx_hal_can.o
    0x08001180   0x08001180   0x0000024e   Code   RO          849    i.HAL_CAN_IRQHandler  stm32f4xx_hal_can.o
    0x080013ce   0x080013ce   0x00000174   Code   RO          850    i.HAL_CAN_Init      stm32f4xx_hal_can.o
    0x08001542   0x08001542   0x00000002   PAD
    0x08001544   0x08001544   0x00000164   Code   RO          365    i.HAL_CAN_MspInit   can.o
    0x080016a8   0x080016a8   0x00000002   Code   RO          857    i.HAL_CAN_RxFifo0FullCallback  stm32f4xx_hal_can.o
    0x080016aa   0x080016aa   0x00000002   PAD
    0x080016ac   0x080016ac   0x00000058   Code   RO          366    i.HAL_CAN_RxFifo0MsgPendingCallback  can.o
    0x08001704   0x08001704   0x00000002   Code   RO          859    i.HAL_CAN_RxFifo1FullCallback  stm32f4xx_hal_can.o
    0x08001706   0x08001706   0x00000002   Code   RO          860    i.HAL_CAN_RxFifo1MsgPendingCallback  stm32f4xx_hal_can.o
    0x08001708   0x08001708   0x00000002   Code   RO          861    i.HAL_CAN_SleepCallback  stm32f4xx_hal_can.o
    0x0800170a   0x0800170a   0x0000005e   Code   RO          862    i.HAL_CAN_Start     stm32f4xx_hal_can.o
    0x08001768   0x08001768   0x00000002   Code   RO          864    i.HAL_CAN_TxMailbox0AbortCallback  stm32f4xx_hal_can.o
    0x0800176a   0x0800176a   0x00000002   Code   RO          865    i.HAL_CAN_TxMailbox0CompleteCallback  stm32f4xx_hal_can.o
    0x0800176c   0x0800176c   0x00000002   Code   RO          866    i.HAL_CAN_TxMailbox1AbortCallback  stm32f4xx_hal_can.o
    0x0800176e   0x0800176e   0x00000002   Code   RO          867    i.HAL_CAN_TxMailbox1CompleteCallback  stm32f4xx_hal_can.o
    0x08001770   0x08001770   0x00000002   Code   RO          868    i.HAL_CAN_TxMailbox2AbortCallback  stm32f4xx_hal_can.o
    0x08001772   0x08001772   0x00000002   Code   RO          869    i.HAL_CAN_TxMailbox2CompleteCallback  stm32f4xx_hal_can.o
    0x08001774   0x08001774   0x00000002   Code   RO          871    i.HAL_CAN_WakeUpFromRxMsgCallback  stm32f4xx_hal_can.o
    0x08001776   0x08001776   0x000000ac   Code   RO         1634    i.HAL_DMA_Abort     stm32f4xx_hal_dma.o
    0x08001822   0x08001822   0x00000028   Code   RO         1635    i.HAL_DMA_Abort_IT  stm32f4xx_hal_dma.o
    0x0800184a   0x0800184a   0x00000008   Code   RO         1638    i.HAL_DMA_GetState  stm32f4xx_hal_dma.o
    0x08001852   0x08001852   0x00000002   PAD
    0x08001854   0x08001854   0x00000240   Code   RO         1639    i.HAL_DMA_IRQHandler  stm32f4xx_hal_dma.o
    0x08001a94   0x08001a94   0x000000ec   Code   RO         1640    i.HAL_DMA_Init      stm32f4xx_hal_dma.o
    0x08001b80   0x08001b80   0x00000092   Code   RO         1644    i.HAL_DMA_Start_IT  stm32f4xx_hal_dma.o
    0x08001c12   0x08001c12   0x00000002   PAD
    0x08001c14   0x08001c14   0x00000028   Code   RO         2076    i.HAL_Delay         stm32f4xx_hal.o
    0x08001c3c   0x08001c3c   0x00000210   Code   RO         1527    i.HAL_GPIO_Init     stm32f4xx_hal_gpio.o
    0x08001e4c   0x08001e4c   0x0000000c   Code   RO         1531    i.HAL_GPIO_WritePin  stm32f4xx_hal_gpio.o
    0x08001e58   0x08001e58   0x0000000c   Code   RO         2084    i.HAL_GetTick       stm32f4xx_hal.o
    0x08001e64   0x08001e64   0x0000004c   Code   RO         2811    i.HAL_I2CEx_ConfigAnalogFilter  stm32f4xx_hal_i2c_ex.o
    0x08001eb0   0x08001eb0   0x00000050   Code   RO         2812    i.HAL_I2CEx_ConfigDigitalFilter  stm32f4xx_hal_i2c_ex.o
    0x08001f00   0x08001f00   0x00000002   Code   RO         2339    i.HAL_I2C_AbortCpltCallback  stm32f4xx_hal_i2c.o
    0x08001f02   0x08001f02   0x00000002   Code   RO         2340    i.HAL_I2C_AddrCallback  stm32f4xx_hal_i2c.o
    0x08001f04   0x08001f04   0x000001da   Code   RO         2344    i.HAL_I2C_EV_IRQHandler  stm32f4xx_hal_i2c.o
    0x080020de   0x080020de   0x00000002   Code   RO         2346    i.HAL_I2C_ErrorCallback  stm32f4xx_hal_i2c.o
    0x080020e0   0x080020e0   0x000001d0   Code   RO         2350    i.HAL_I2C_Init      stm32f4xx_hal_i2c.o
    0x080022b0   0x080022b0   0x00000002   Code   RO         2352    i.HAL_I2C_ListenCpltCallback  stm32f4xx_hal_i2c.o
    0x080022b2   0x080022b2   0x00000002   Code   RO         2353    i.HAL_I2C_MasterRxCpltCallback  stm32f4xx_hal_i2c.o
    0x080022b4   0x080022b4   0x00000002   Code   RO         2354    i.HAL_I2C_MasterTxCpltCallback  stm32f4xx_hal_i2c.o
    0x080022b6   0x080022b6   0x00000002   Code   RO         2366    i.HAL_I2C_MemRxCpltCallback  stm32f4xx_hal_i2c.o
    0x080022b8   0x080022b8   0x00000002   Code   RO         2367    i.HAL_I2C_MemTxCpltCallback  stm32f4xx_hal_i2c.o
    0x080022ba   0x080022ba   0x00000002   PAD
    0x080022bc   0x080022bc   0x00000098   Code   RO          453    i.HAL_I2C_MspInit   i2c.o
    0x08002354   0x08002354   0x00000002   Code   RO         2376    i.HAL_I2C_SlaveRxCpltCallback  stm32f4xx_hal_i2c.o
    0x08002356   0x08002356   0x00000002   Code   RO         2377    i.HAL_I2C_SlaveTxCpltCallback  stm32f4xx_hal_i2c.o
    0x08002358   0x08002358   0x00000018   Code   RO         2090    i.HAL_IncTick       stm32f4xx_hal.o
    0x08002370   0x08002370   0x0000003c   Code   RO         2091    i.HAL_Init          stm32f4xx_hal.o
    0x080023ac   0x080023ac   0x000000a0   Code   RO          797    i.HAL_InitTick      stm32f4xx_hal_timebase_tim.o
    0x0800244c   0x0800244c   0x00000054   Code   RO          773    i.HAL_MspInit       stm32f4xx_hal_msp.o
    0x080024a0   0x080024a0   0x00000020   Code   RO         1934    i.HAL_NVIC_EnableIRQ  stm32f4xx_hal_cortex.o
    0x080024c0   0x080024c0   0x0000007c   Code   RO         1940    i.HAL_NVIC_SetPriority  stm32f4xx_hal_cortex.o
    0x0800253c   0x0800253c   0x00000028   Code   RO         1941    i.HAL_NVIC_SetPriorityGrouping  stm32f4xx_hal_cortex.o
    0x08002564   0x08002564   0x0000008c   Code   RO         1863    i.HAL_PWREx_EnableOverDrive  stm32f4xx_hal_pwr_ex.o
    0x080025f0   0x080025f0   0x00000184   Code   RO         1071    i.HAL_RCC_ClockConfig  stm32f4xx_hal_rcc.o
    0x08002774   0x08002774   0x00000044   Code   RO         1075    i.HAL_RCC_GetClockConfig  stm32f4xx_hal_rcc.o
    0x080027b8   0x080027b8   0x0000000c   Code   RO         1076    i.HAL_RCC_GetHCLKFreq  stm32f4xx_hal_rcc.o
    0x080027c4   0x080027c4   0x00000020   Code   RO         1078    i.HAL_RCC_GetPCLK1Freq  stm32f4xx_hal_rcc.o
    0x080027e4   0x080027e4   0x00000020   Code   RO         1079    i.HAL_RCC_GetPCLK2Freq  stm32f4xx_hal_rcc.o
    0x08002804   0x08002804   0x000000b0   Code   RO         1080    i.HAL_RCC_GetSysClockFreq  stm32f4xx_hal_rcc.o
    0x080028b4   0x080028b4   0x0000049c   Code   RO         1083    i.HAL_RCC_OscConfig  stm32f4xx_hal_rcc.o
    0x08002d50   0x08002d50   0x000000c8   Code   RO         2852    i.HAL_SPI_Init      stm32f4xx_hal_spi.o
    0x08002e18   0x08002e18   0x00000088   Code   RO          495    i.HAL_SPI_MspInit   spi.o
    0x08002ea0   0x08002ea0   0x0000022a   Code   RO         2861    i.HAL_SPI_TransmitReceive  stm32f4xx_hal_spi.o
    0x080030ca   0x080030ca   0x00000028   Code   RO         1943    i.HAL_SYSTICK_CLKSourceConfig  stm32f4xx_hal_cortex.o
    0x080030f2   0x080030f2   0x00000002   Code   RO         3880    i.HAL_TIMEx_BreakCallback  stm32f4xx_hal_tim_ex.o
    0x080030f4   0x080030f4   0x00000002   Code   RO         3881    i.HAL_TIMEx_CommutCallback  stm32f4xx_hal_tim_ex.o
    0x080030f6   0x080030f6   0x00000002   PAD
    0x080030f8   0x080030f8   0x000000b4   Code   RO         3899    i.HAL_TIMEx_MasterConfigSynchronization  stm32f4xx_hal_tim_ex.o
    0x080031ac   0x080031ac   0x00000066   Code   RO         3165    i.HAL_TIM_Base_Init  stm32f4xx_hal_tim.o
    0x08003212   0x08003212   0x00000002   PAD
    0x08003214   0x08003214   0x00000084   Code   RO          537    i.HAL_TIM_Base_MspInit  tim.o
    0x08003298   0x08003298   0x000000a8   Code   RO         3170    i.HAL_TIM_Base_Start_IT  stm32f4xx_hal_tim.o
    0x08003340   0x08003340   0x0000010c   Code   RO         3174    i.HAL_TIM_ConfigClockSource  stm32f4xx_hal_tim.o
    0x0800344c   0x0800344c   0x00000002   Code   RO         3199    i.HAL_TIM_IC_CaptureCallback  stm32f4xx_hal_tim.o
    0x0800344e   0x0800344e   0x00000196   Code   RO         3213    i.HAL_TIM_IRQHandler  stm32f4xx_hal_tim.o
    0x080035e4   0x080035e4   0x00000002   Code   RO         3216    i.HAL_TIM_OC_DelayElapsedCallback  stm32f4xx_hal_tim.o
    0x080035e6   0x080035e6   0x00000002   Code   RO         3243    i.HAL_TIM_PWM_PulseFinishedCallback  stm32f4xx_hal_tim.o
    0x080035e8   0x080035e8   0x00000018   Code   RO           14    i.HAL_TIM_PeriodElapsedCallback  main.o
    0x08003600   0x08003600   0x00000002   Code   RO         3256    i.HAL_TIM_TriggerCallback  stm32f4xx_hal_tim.o
    0x08003602   0x08003602   0x00000002   Code   RO         4158    i.HAL_UARTEx_RxEventCallback  stm32f4xx_hal_uart.o
    0x08003604   0x08003604   0x0000008a   Code   RO         4170    i.HAL_UART_DMAStop  stm32f4xx_hal_uart.o
    0x0800368e   0x0800368e   0x00000002   Code   RO         4172    i.HAL_UART_ErrorCallback  stm32f4xx_hal_uart.o
    0x08003690   0x08003690   0x000002e0   Code   RO         4175    i.HAL_UART_IRQHandler  stm32f4xx_hal_uart.o
    0x08003970   0x08003970   0x00000072   Code   RO         4176    i.HAL_UART_Init     stm32f4xx_hal_uart.o
    0x080039e2   0x080039e2   0x00000002   PAD
    0x080039e4   0x080039e4   0x000001b4   Code   RO          598    i.HAL_UART_MspInit  usart.o
    0x08003b98   0x08003b98   0x00000042   Code   RO         4180    i.HAL_UART_Receive_DMA  stm32f4xx_hal_uart.o
    0x08003bda   0x08003bda   0x00000042   Code   RO         4181    i.HAL_UART_Receive_IT  stm32f4xx_hal_uart.o
    0x08003c1c   0x08003c1c   0x00000058   Code   RO           15    i.HAL_UART_RxCpltCallback  main.o
    0x08003c74   0x08003c74   0x00000002   Code   RO         4183    i.HAL_UART_RxHalfCpltCallback  stm32f4xx_hal_uart.o
    0x08003c76   0x08003c76   0x00000002   Code   RO         4187    i.HAL_UART_TxCpltCallback  stm32f4xx_hal_uart.o
    0x08003c78   0x08003c78   0x00000004   Code   RO          658    i.HardFault_Handler  stm32f4xx_it.o
    0x08003c7c   0x08003c7c   0x00000010   Code   RO          659    i.I2C2_EV_IRQHandler  stm32f4xx_it.o
    0x08003c8c   0x08003c8c   0x0000001c   Code   RO         2388    i.I2C_ConvertOtherXferOptions  stm32f4xx_hal_i2c.o
    0x08003ca8   0x08003ca8   0x000000f8   Code   RO         2389    i.I2C_DMAAbort      stm32f4xx_hal_i2c.o
    0x08003da0   0x08003da0   0x000001ac   Code   RO         2392    i.I2C_ITError       stm32f4xx_hal_i2c.o
    0x08003f4c   0x08003f4c   0x00000126   Code   RO         2394    i.I2C_MasterReceive_BTF  stm32f4xx_hal_i2c.o
    0x08004072   0x08004072   0x000000f0   Code   RO         2395    i.I2C_MasterReceive_RXNE  stm32f4xx_hal_i2c.o
    0x08004162   0x08004162   0x000000a0   Code   RO         2398    i.I2C_MasterTransmit_BTF  stm32f4xx_hal_i2c.o
    0x08004202   0x08004202   0x000000d8   Code   RO         2399    i.I2C_MasterTransmit_TXE  stm32f4xx_hal_i2c.o
    0x080042da   0x080042da   0x0000002a   Code   RO         2400    i.I2C_Master_ADD10  stm32f4xx_hal_i2c.o
    0x08004304   0x08004304   0x00000268   Code   RO         2401    i.I2C_Master_ADDR   stm32f4xx_hal_i2c.o
    0x0800456c   0x0800456c   0x0000009e   Code   RO         2402    i.I2C_Master_SB     stm32f4xx_hal_i2c.o
    0x0800460a   0x0800460a   0x000000be   Code   RO         2403    i.I2C_MemoryTransmit_TXE_BTF  stm32f4xx_hal_i2c.o
    0x080046c8   0x080046c8   0x0000001a   Code   RO         2406    i.I2C_SlaveReceive_BTF  stm32f4xx_hal_i2c.o
    0x080046e2   0x080046e2   0x00000046   Code   RO         2407    i.I2C_SlaveReceive_RXNE  stm32f4xx_hal_i2c.o
    0x08004728   0x08004728   0x0000001a   Code   RO         2408    i.I2C_SlaveTransmit_BTF  stm32f4xx_hal_i2c.o
    0x08004742   0x08004742   0x00000046   Code   RO         2409    i.I2C_SlaveTransmit_TXE  stm32f4xx_hal_i2c.o
    0x08004788   0x08004788   0x00000070   Code   RO         2410    i.I2C_Slave_ADDR    stm32f4xx_hal_i2c.o
    0x080047f8   0x080047f8   0x0000018c   Code   RO         2412    i.I2C_Slave_STOPF   stm32f4xx_hal_i2c.o
    0x08004984   0x08004984   0x00000050   Code   RO         2418    i.I2C_WaitOnSTOPRequestThroughIT  stm32f4xx_hal_i2c.o
    0x080049d4   0x080049d4   0x0000006c   Code   RO         7563    i.INS_task          ins_task.o
    0x08004a40   0x08004a40   0x00000040   Code   RO          367    i.MX_CAN1_Init      can.o
    0x08004a80   0x08004a80   0x00000040   Code   RO          368    i.MX_CAN2_Init      can.o
    0x08004ac0   0x08004ac0   0x00000048   Code   RO          428    i.MX_DMA_Init       dma.o
    0x08004b08   0x08004b08   0x00000038   Code   RO          308    i.MX_FREERTOS_Init  freertos.o
    0x08004b40   0x08004b40   0x00000154   Code   RO          284    i.MX_GPIO_Init      gpio.o
    0x08004c94   0x08004c94   0x00000058   Code   RO          454    i.MX_I2C2_Init      i2c.o
    0x08004cec   0x08004cec   0x00000044   Code   RO          496    i.MX_SPI5_Init      spi.o
    0x08004d30   0x08004d30   0x0000006c   Code   RO          538    i.MX_TIM3_Init      tim.o
    0x08004d9c   0x08004d9c   0x0000006c   Code   RO          539    i.MX_TIM4_Init      tim.o
    0x08004e08   0x08004e08   0x00000038   Code   RO          599    i.MX_USART3_UART_Init  usart.o
    0x08004e40   0x08004e40   0x00000038   Code   RO          600    i.MX_USART6_UART_Init  usart.o
    0x08004e78   0x08004e78   0x00000004   Code   RO          660    i.MemManage_Handler  stm32f4xx_it.o
    0x08004e7c   0x08004e7c   0x00000004   Code   RO          661    i.NMI_Handler       stm32f4xx_it.o
    0x08004e80   0x08004e80   0x0000013e   Code   RO         6529    i.PID_Calc          pid.o
    0x08004fbe   0x08004fbe   0x00000002   PAD
    0x08004fc0   0x08004fc0   0x00000040   Code   RO         6530    i.PID_Reset         pid.o
    0x08005000   0x08005000   0x00000010   Code   RO         7278    i.RC_abs            chassis_task.o
    0x08005010   0x08005010   0x0000006c   Code   RO         2890    i.SPI_EndRxTxTransaction  stm32f4xx_hal_spi.o
    0x0800507c   0x0800507c   0x000000d8   Code   RO         2895    i.SPI_WaitFlagStateUntilTimeout  stm32f4xx_hal_spi.o
    0x08005154   0x08005154   0x0000000a   Code   RO          309    i.StartDefaultTask  freertos.o
    0x0800515e   0x0800515e   0x00000016   Code   RO         5739    i.SysTick_Handler   cmsis_os2.o
    0x08005174   0x08005174   0x000000bc   Code   RO           16    i.SystemClock_Config  main.o
    0x08005230   0x08005230   0x00000014   Code   RO         4515    i.SystemInit        system_stm32f4xx.o
    0x08005244   0x08005244   0x00000010   Code   RO          662    i.TIM1_UP_TIM10_IRQHandler  stm32f4xx_it.o
    0x08005254   0x08005254   0x00000010   Code   RO          663    i.TIM3_IRQHandler   stm32f4xx_it.o
    0x08005264   0x08005264   0x00000010   Code   RO          664    i.TIM4_IRQHandler   stm32f4xx_it.o
    0x08005274   0x08005274   0x000000d8   Code   RO         3258    i.TIM_Base_SetConfig  stm32f4xx_hal_tim.o
    0x0800534c   0x0800534c   0x00000016   Code   RO         3269    i.TIM_ETR_SetConfig  stm32f4xx_hal_tim.o
    0x08005362   0x08005362   0x00000012   Code   RO         3270    i.TIM_ITRx_SetConfig  stm32f4xx_hal_tim.o
    0x08005374   0x08005374   0x00000026   Code   RO         3276    i.TIM_TI1_ConfigInputStage  stm32f4xx_hal_tim.o
    0x0800539a   0x0800539a   0x00000028   Code   RO         3278    i.TIM_TI2_ConfigInputStage  stm32f4xx_hal_tim.o
    0x080053c2   0x080053c2   0x00000014   Code   RO         4189    i.UART_DMAAbortOnError  stm32f4xx_hal_uart.o
    0x080053d6   0x080053d6   0x00000050   Code   RO         4190    i.UART_DMAError     stm32f4xx_hal_uart.o
    0x08005426   0x08005426   0x000000b0   Code   RO         4191    i.UART_DMAReceiveCplt  stm32f4xx_hal_uart.o
    0x080054d6   0x080054d6   0x00000020   Code   RO         4193    i.UART_DMARxHalfCplt  stm32f4xx_hal_uart.o
    0x080054f6   0x080054f6   0x0000006c   Code   RO         4199    i.UART_EndRxTransfer  stm32f4xx_hal_uart.o
    0x08005562   0x08005562   0x00000020   Code   RO         4200    i.UART_EndTransmit_IT  stm32f4xx_hal_uart.o
    0x08005582   0x08005582   0x00000026   Code   RO         4201    i.UART_EndTxTransfer  stm32f4xx_hal_uart.o
    0x080055a8   0x080055a8   0x000000f8   Code   RO         4202    i.UART_Receive_IT   stm32f4xx_hal_uart.o
    0x080056a0   0x080056a0   0x0000022c   Code   RO         4203    i.UART_SetConfig    stm32f4xx_hal_uart.o
    0x080058cc   0x080058cc   0x000000d0   Code   RO         4204    i.UART_Start_Receive_DMA  stm32f4xx_hal_uart.o
    0x0800599c   0x0800599c   0x0000004a   Code   RO         4205    i.UART_Start_Receive_IT  stm32f4xx_hal_uart.o
    0x080059e6   0x080059e6   0x00000060   Code   RO         4206    i.UART_Transmit_IT  stm32f4xx_hal_uart.o
    0x08005a46   0x08005a46   0x00000002   PAD
    0x08005a48   0x08005a48   0x000003b8   Code   RO         7594    i.ULTRASONIC_task   ultrasonic_task.o
    0x08005e00   0x08005e00   0x00000014   Code   RO          665    i.USART3_IRQHandler  stm32f4xx_it.o
    0x08005e14   0x08005e14   0x00000038   Code   RO          666    i.USART6_IRQHandler  stm32f4xx_it.o
    0x08005e4c   0x08005e4c   0x00000002   Code   RO          601    i.USAR_UART_IDLECallback  usart.o
    0x08005e4e   0x08005e4e   0x00000004   Code   RO          667    i.UsageFault_Handler  stm32f4xx_it.o
    0x08005e52   0x08005e52   0x0000003c   Code   RO         7019    i.Verify_CRC16_Check_Sum  judge.o
    0x08005e8e   0x08005e8e   0x00000030   Code   RO         7020    i.Verify_CRC8_Check_Sum  judge.o
    0x08005ebe   0x08005ebe   0x00000030   Code   RO         8173    i.__ARM_fpclassify  m_wm.l(fpclassify.o)
    0x08005eee   0x08005eee   0x00000002   PAD
    0x08005ef0   0x08005ef0   0x00000010   Code   RO         1947    i.__NVIC_GetPriorityGrouping  stm32f4xx_hal_cortex.o
    0x08005f00   0x08005f00   0x00000028   Code   RO         1948    i.__NVIC_SetPriority  stm32f4xx_hal_cortex.o
    0x08005f28   0x08005f28   0x00000006   Code   RO         5741    i.__get_IPSR        cmsis_os2.o
    0x08005f2e   0x08005f2e   0x00000002   PAD
    0x08005f30   0x08005f30   0x00000360   Code   RO         7977    i.__hardfp_asin     m_wm.l(asin.o)
    0x08006290   0x08006290   0x000002d8   Code   RO         7991    i.__hardfp_atan     m_wm.l(atan.o)
    0x08006568   0x08006568   0x00000200   Code   RO         8005    i.__hardfp_atan2    m_wm.l(atan2.o)
    0x08006768   0x08006768   0x000000c8   Code   RO         8017    i.__hardfp_cos      m_wm.l(cos.o)
    0x08006830   0x08006830   0x00000014   Code   RO         8029    i.__hardfp_fabs     m_wm.l(fabs.o)
    0x08006844   0x08006844   0x00000004   PAD
    0x08006848   0x08006848   0x000000c8   Code   RO         8035    i.__hardfp_sin      m_wm.l(sin.o)
    0x08006910   0x08006910   0x0000007a   Code   RO         8047    i.__hardfp_sqrt     m_wm.l(sqrt.o)
    0x0800698a   0x0800698a   0x00000006   PAD
    0x08006990   0x08006990   0x00000438   Code   RO         8178    i.__ieee754_rem_pio2  m_wm.l(rred.o)
    0x08006dc8   0x08006dc8   0x00000170   Code   RO         8156    i.__kernel_cos      m_wm.l(cos_i.o)
    0x08006f38   0x08006f38   0x000000f8   Code   RO         8175    i.__kernel_poly     m_wm.l(poly.o)
    0x08007030   0x08007030   0x00000130   Code   RO         8183    i.__kernel_sin      m_wm.l(sin_i.o)
    0x08007160   0x08007160   0x00000014   Code   RO         8160    i.__mathlib_dbl_infnan  m_wm.l(dunder.o)
    0x08007174   0x08007174   0x00000014   Code   RO         8161    i.__mathlib_dbl_infnan2  m_wm.l(dunder.o)
    0x08007188   0x08007188   0x00000020   Code   RO         8162    i.__mathlib_dbl_invalid  m_wm.l(dunder.o)
    0x080071a8   0x080071a8   0x00000020   Code   RO         8165    i.__mathlib_dbl_underflow  m_wm.l(dunder.o)
    0x080071c8   0x080071c8   0x00000004   Code   RO         6457    i._sys_exit         printf.o
    0x080071cc   0x080071cc   0x00000010   Code   RO         7993    i.atan              m_wm.l(atan.o)
    0x080071dc   0x080071dc   0x00000060   Code   RO         6855    i.can1_message_progress  can1_app.o
    0x0800723c   0x0800723c   0x0000005c   Code   RO         6935    i.can2_message_progress  can2_app.o
    0x08007298   0x08007298   0x00000078   Code   RO         7279    i.chassis_control_loop  chassis_task.o
    0x08007310   0x08007310   0x000000c0   Code   RO         7280    i.chassis_forwardfeed  chassis_task.o
    0x080073d0   0x080073d0   0x00000064   Code   RO         7281    i.chassis_init      chassis_task.o
    0x08007434   0x08007434   0x00000118   Code   RO         6856    i.chassis_motor_msg_process  can1_app.o
    0x0800754c   0x0800754c   0x0000006e   Code   RO         7282    i.chassis_pid_calculate  chassis_task.o
    0x080075ba   0x080075ba   0x00000002   PAD
    0x080075bc   0x080075bc   0x00000040   Code   RO         7283    i.chassis_pid_init  chassis_task.o
    0x080075fc   0x080075fc   0x000002ec   Code   RO         7284    i.chassis_set_and_fdb_update  chassis_task.o
    0x080078e8   0x080078e8   0x00000058   Code   RO         7285    i.chassis_task      chassis_task.o
    0x08007940   0x08007940   0x00000014   Code   RO          310    i.configureTimerForRunTimeStats  freertos.o
    0x08007954   0x08007954   0x0000007c   Code   RO         7393    i.connect_cmd_data_process  connect_task.o
    0x080079d0   0x080079d0   0x00000068   Code   RO         7394    i.connect_gyro_data_process  connect_task.o
    0x08007a38   0x08007a38   0x0000001e   Code   RO         7395    i.connect_init      connect_task.o
    0x08007a56   0x08007a56   0x00000050   Code   RO         7396    i.connect_rc_ctrl_process  connect_task.o
    0x08007aa6   0x08007aa6   0x00000002   PAD
    0x08007aa8   0x08007aa8   0x0000003c   Code   RO         7397    i.connect_task      connect_task.o
    0x08007ae4   0x08007ae4   0x00000044   Code   RO         6405    i.delay_init        delay.o
    0x08007b28   0x08007b28   0x00000094   Code   RO         5130    i.eTaskGetState     tasks.o
    0x08007bbc   0x08007bbc   0x00000018   Code   RO         8031    i.fabs              m_wm.l(fabs.o)
    0x08007bd4   0x08007bd4   0x00000288   Code   RO         7286    i.forwardfeed       chassis_task.o
    0x08007e5c   0x08007e5c   0x00000020   Code   RO          540    i.freertos_run_tim3_configuration  tim.o
    0x08007e7c   0x08007e7c   0x0000000c   Code   RO          311    i.getRunTimeCounterValue  freertos.o
    0x08007e88   0x08007e88   0x00000020   Code   RO         7021    i.get_bullets_remaining  judge.o
    0x08007ea8   0x08007ea8   0x00000008   Code   RO         6857    i.get_cm1_msg_point  can1_app.o
    0x08007eb0   0x08007eb0   0x00000008   Code   RO         6858    i.get_cm2_msg_point  can1_app.o
    0x08007eb8   0x08007eb8   0x00000008   Code   RO         6859    i.get_cm3_msg_point  can1_app.o
    0x08007ec0   0x08007ec0   0x00000008   Code   RO         6860    i.get_cm4_msg_point  can1_app.o
    0x08007ec8   0x08007ec8   0x00000008   Code   RO         7398    i.get_connect_data_point  connect_task.o
    0x08007ed0   0x08007ed0   0x000002fc   Code   RO         7287    i.get_forward_back_value  chassis_task.o
    0x080081cc   0x080081cc   0x00000088   Code   RO         7022    i.get_game_status   judge.o
    0x08008254   0x08008254   0x00000058   Code   RO         7023    i.get_power_heart   judge.o
    0x080082ac   0x080082ac   0x0000000e   Code   RO         7024    i.get_referee_warning  judge.o
    0x080082ba   0x080082ba   0x0000001c   Code   RO         7025    i.get_robot_buff    judge.o
    0x080082d6   0x080082d6   0x00000018   Code   RO         7026    i.get_robot_hurt    judge.o
    0x080082ee   0x080082ee   0x0000005e   Code   RO         7027    i.get_robot_status  judge.o
    0x0800834c   0x0800834c   0x00000100   Code   RO         7288    i.get_rotate_value  chassis_task.o
    0x0800844c   0x0800844c   0x0000002a   Code   RO         7028    i.get_shoot_infor   judge.o
    0x08008476   0x08008476   0x00000002   PAD
    0x08008478   0x08008478   0x00000008   Code   RO         6936    i.get_yaw_motor_msg_point  can2_app.o
    0x08008480   0x08008480   0x00000018   Code   RO         7191    i.hurt_init         rule.o
    0x08008498   0x08008498   0x000007a4   Code   RO         7627    i.imu_ahrs_update   bsp_imu.o
    0x08008c3c   0x08008c3c   0x00000218   Code   RO         7628    i.imu_attitude_update  bsp_imu.o
    0x08008e54   0x08008e54   0x000002c4   Code   RO         7629    i.init_quaternion   bsp_imu.o
    0x08009118   0x08009118   0x0000003c   Code   RO         7630    i.inv_sqrt          bsp_imu.o
    0x08009154   0x08009154   0x00000010   Code   RO         7631    i.ist8310_get_data  bsp_imu.o
    0x08009164   0x08009164   0x00000100   Code   RO         7632    i.ist8310_init      bsp_imu.o
    0x08009264   0x08009264   0x0000003a   Code   RO         7633    i.ist_reg_read_by_mpu  bsp_imu.o
    0x0800929e   0x0800929e   0x00000040   Code   RO         7634    i.ist_reg_write_by_mpu  bsp_imu.o
    0x080092de   0x080092de   0x00000002   PAD
    0x080092e0   0x080092e0   0x00000084   Code   RO           17    i.main              main.o
    0x08009364   0x08009364   0x00000068   Code   RO         7635    i.mpu_device_init   bsp_imu.o
    0x080093cc   0x080093cc   0x00000170   Code   RO         7636    i.mpu_get_data      bsp_imu.o
    0x0800953c   0x0800953c   0x0000008c   Code   RO         7637    i.mpu_master_i2c_auto_read_config  bsp_imu.o
    0x080095c8   0x080095c8   0x00000130   Code   RO         7638    i.mpu_offset_call   bsp_imu.o
    0x080096f8   0x080096f8   0x00000054   Code   RO         7639    i.mpu_read_byte     bsp_imu.o
    0x0800974c   0x0800974c   0x00000064   Code   RO         7640    i.mpu_read_bytes    bsp_imu.o
    0x080097b0   0x080097b0   0x00000010   Code   RO         7641    i.mpu_set_accel_fsr  bsp_imu.o
    0x080097c0   0x080097c0   0x00000010   Code   RO         7642    i.mpu_set_gyro_fsr  bsp_imu.o
    0x080097d0   0x080097d0   0x00000058   Code   RO         7643    i.mpu_write_byte    bsp_imu.o
    0x08009828   0x08009828   0x0000001e   Code   RO         5742    i.osDelay           cmsis_os2.o
    0x08009846   0x08009846   0x00000002   PAD
    0x08009848   0x08009848   0x0000002c   Code   RO         5756    i.osKernelInitialize  cmsis_os2.o
    0x08009874   0x08009874   0x00000038   Code   RO         5757    i.osKernelLock      cmsis_os2.o
    0x080098ac   0x080098ac   0x00000060   Code   RO         5759    i.osKernelStart     cmsis_os2.o
    0x0800990c   0x0800990c   0x00000044   Code   RO         5760    i.osKernelUnlock    cmsis_os2.o
    0x08009950   0x08009950   0x0000000c   Code   RO         5796    i.osThreadGetId     cmsis_os2.o
    0x0800995c   0x0800995c   0x000000b8   Code   RO         5801    i.osThreadNew       cmsis_os2.o
    0x08009a14   0x08009a14   0x0000003c   Code   RO         5805    i.osThreadTerminate  cmsis_os2.o
    0x08009a50   0x08009a50   0x0000014c   Code   RO         7029    i.process_judge_message  judge.o
    0x08009b9c   0x08009b9c   0x00000088   Code   RO         5132    i.prvAddCurrentTaskToDelayedList  tasks.o
    0x08009c24   0x08009c24   0x000000b8   Code   RO         5133    i.prvAddNewTaskToReadyList  tasks.o
    0x08009cdc   0x08009cdc   0x00000074   Code   RO         5552    i.prvCheckForValidListAndQueue  timers.o
    0x08009d50   0x08009d50   0x00000048   Code   RO         5134    i.prvCheckTasksWaitingTermination  tasks.o
    0x08009d98   0x08009d98   0x0000002a   Code   RO         4719    i.prvCopyDataFromQueue  queue.o
    0x08009dc2   0x08009dc2   0x0000007e   Code   RO         4720    i.prvCopyDataToQueue  queue.o
    0x08009e40   0x08009e40   0x00000050   Code   RO         5135    i.prvDeleteTCB      tasks.o
    0x08009e90   0x08009e90   0x00000028   Code   RO         5553    i.prvGetNextExpireTime  timers.o
    0x08009eb8   0x08009eb8   0x0000007c   Code   RO         6269    i.prvHeapInit       heap_4.o
    0x08009f34   0x08009f34   0x00000028   Code   RO         5136    i.prvIdleTask       tasks.o
    0x08009f5c   0x08009f5c   0x0000002a   Code   RO         4723    i.prvInitialiseNewQueue  queue.o
    0x08009f86   0x08009f86   0x000000c8   Code   RO         5137    i.prvInitialiseNewTask  tasks.o
    0x0800a04e   0x0800a04e   0x00000002   PAD
    0x0800a050   0x0800a050   0x00000068   Code   RO         5138    i.prvInitialiseTaskLists  tasks.o
    0x0800a0b8   0x0800a0b8   0x00000068   Code   RO         6270    i.prvInsertBlockIntoFreeList  heap_4.o
    0x0800a120   0x0800a120   0x00000058   Code   RO         5555    i.prvInsertTimerInActiveList  timers.o
    0x0800a178   0x0800a178   0x0000001a   Code   RO         4724    i.prvIsQueueEmpty   queue.o
    0x0800a192   0x0800a192   0x0000001e   Code   RO         4725    i.prvIsQueueFull    queue.o
    0x0800a1b0   0x0800a1b0   0x00000074   Code   RO         5556    i.prvProcessExpiredTimer  timers.o
    0x0800a224   0x0800a224   0x00000164   Code   RO         5557    i.prvProcessReceivedCommands  timers.o
    0x0800a388   0x0800a388   0x00000074   Code   RO         5558    i.prvProcessTimerOrBlockTask  timers.o
    0x0800a3fc   0x0800a3fc   0x00000034   Code   RO         5140    i.prvResetNextTaskUnblockTime  tasks.o
    0x0800a430   0x0800a430   0x0000002c   Code   RO         5559    i.prvSampleTimeNow  timers.o
    0x0800a45c   0x0800a45c   0x000000a4   Code   RO         5560    i.prvSwitchTimerLists  timers.o
    0x0800a500   0x0800a500   0x00000040   Code   RO         6325    i.prvTaskExitError  port.o
    0x0800a540   0x0800a540   0x0000001a   Code   RO         5561    i.prvTimerTask      timers.o
    0x0800a55a   0x0800a55a   0x0000007e   Code   RO         4726    i.prvUnlockQueue    queue.o
    0x0800a5d8   0x0800a5d8   0x0000014c   Code   RO         6271    i.pvPortMalloc      heap_4.o
    0x0800a724   0x0800a724   0x0000002c   Code   RO         6326    i.pxPortInitialiseStack  port.o
    0x0800a750   0x0800a750   0x00000068   Code   RO         7192    i.robot_hurt_analysis  rule.o
    0x0800a7b8   0x0800a7b8   0x00000418   Code   RO         7290    i.rotate_motion_mode_process  chassis_task.o
    0x0800abd0   0x0800abd0   0x00000210   Code   RO         6937    i.send_odem_data    can2_app.o
    0x0800ade0   0x0800ade0   0x00000070   Code   RO         6938    i.send_shoot_17mm_data  can2_app.o
    0x0800ae50   0x0800ae50   0x000000a4   Code   RO         6939    i.send_shoot_judge_data  can2_app.o
    0x0800aef4   0x0800aef4   0x00000054   Code   RO         6861    i.set_chassis_behaviour  can1_app.o
    0x0800af48   0x0800af48   0x00000044   Code   RO         6863    i.set_chassis_stop  can1_app.o
    0x0800af8c   0x0800af8c   0x0000006e   Code   RO         8049    i.sqrt              m_wm.l(sqrt.o)
    0x0800affa   0x0800affa   0x00000002   PAD
    0x0800affc   0x0800affc   0x0000009c   Code   RO         7460    i.start_task        start_task.o
    0x0800b098   0x0800b098   0x00000188   Code   RO         7501    i.test_task         test_task.o
    0x0800b220   0x0800b220   0x00000028   Code   RO         4679    i.uxListRemove      list.o
    0x0800b248   0x0800b248   0x00000018   Code   RO         5813    i.vApplicationGetIdleTaskMemory  cmsis_os2.o
    0x0800b260   0x0800b260   0x00000018   Code   RO         5814    i.vApplicationGetTimerTaskMemory  cmsis_os2.o
    0x0800b278   0x0800b278   0x0000001a   Code   RO         4680    i.vListInitialise   list.o
    0x0800b292   0x0800b292   0x00000006   Code   RO         4681    i.vListInitialiseItem  list.o
    0x0800b298   0x0800b298   0x00000034   Code   RO         4682    i.vListInsert       list.o
    0x0800b2cc   0x0800b2cc   0x00000018   Code   RO         4683    i.vListInsertEnd    list.o
    0x0800b2e4   0x0800b2e4   0x00000054   Code   RO         6328    i.vPortEnterCritical  port.o
    0x0800b338   0x0800b338   0x0000003c   Code   RO         6329    i.vPortExitCritical  port.o
    0x0800b374   0x0800b374   0x000000a4   Code   RO         6272    i.vPortFree         heap_4.o
    0x0800b418   0x0800b418   0x00000028   Code   RO         6330    i.vPortSetupTimerInterrupt  port.o
    0x0800b440   0x0800b440   0x00000078   Code   RO         6331    i.vPortValidateInterruptPriority  port.o
    0x0800b4b8   0x0800b4b8   0x0000002c   Code   RO         4732    i.vQueueAddToRegistry  queue.o
    0x0800b4e4   0x0800b4e4   0x0000004a   Code   RO         4736    i.vQueueWaitForMessageRestricted  queue.o
    0x0800b52e   0x0800b52e   0x00000002   PAD
    0x0800b530   0x0800b530   0x0000005c   Code   RO         5156    i.vTaskDelay        tasks.o
    0x0800b58c   0x0800b58c   0x000000d4   Code   RO         5157    i.vTaskDelayUntil   tasks.o
    0x0800b660   0x0800b660   0x000000c8   Code   RO         5158    i.vTaskDelete       tasks.o
    0x0800b728   0x0800b728   0x00000018   Code   RO         5162    i.vTaskInternalSetTimeOutState  tasks.o
    0x0800b740   0x0800b740   0x0000000c   Code   RO         5164    i.vTaskMissedYield  tasks.o
    0x0800b74c   0x0800b74c   0x00000038   Code   RO         5166    i.vTaskPlaceOnEventList  tasks.o
    0x0800b784   0x0800b784   0x00000040   Code   RO         5167    i.vTaskPlaceOnEventListRestricted  tasks.o
    0x0800b7c4   0x0800b7c4   0x000000bc   Code   RO         5175    i.vTaskStartScheduler  tasks.o
    0x0800b880   0x0800b880   0x00000010   Code   RO         5177    i.vTaskSuspendAll   tasks.o
    0x0800b890   0x0800b890   0x000000cc   Code   RO         5178    i.vTaskSwitchContext  tasks.o
    0x0800b95c   0x0800b95c   0x00000168   Code   RO         6332    i.xPortStartScheduler  port.o
    0x0800bac4   0x0800bac4   0x00000034   Code   RO         6333    i.xPortSysTickHandler  port.o
    0x0800baf8   0x0800baf8   0x000000e0   Code   RO         4742    i.xQueueGenericCreateStatic  queue.o
    0x0800bbd8   0x0800bbd8   0x00000098   Code   RO         4743    i.xQueueGenericReset  queue.o
    0x0800bc70   0x0800bc70   0x000001a8   Code   RO         4744    i.xQueueGenericSend  queue.o
    0x0800be18   0x0800be18   0x000000fc   Code   RO         4745    i.xQueueGenericSendFromISR  queue.o
    0x0800bf14   0x0800bf14   0x00000168   Code   RO         4754    i.xQueueReceive     queue.o
    0x0800c07c   0x0800c07c   0x000000a8   Code   RO         5181    i.xTaskCheckForTimeOut  tasks.o
    0x0800c124   0x0800c124   0x00000064   Code   RO         5182    i.xTaskCreate       tasks.o
    0x0800c188   0x0800c188   0x000000ba   Code   RO         5183    i.xTaskCreateStatic  tasks.o
    0x0800c242   0x0800c242   0x00000002   PAD
    0x0800c244   0x0800c244   0x0000000c   Code   RO         5186    i.xTaskGetCurrentTaskHandle  tasks.o
    0x0800c250   0x0800c250   0x00000020   Code   RO         5188    i.xTaskGetSchedulerState  tasks.o
    0x0800c270   0x0800c270   0x0000000c   Code   RO         5189    i.xTaskGetTickCount  tasks.o
    0x0800c27c   0x0800c27c   0x00000144   Code   RO         5191    i.xTaskIncrementTick  tasks.o
    0x0800c3c0   0x0800c3c0   0x000000a4   Code   RO         5194    i.xTaskPriorityDisinherit  tasks.o
    0x0800c464   0x0800c464   0x00000098   Code   RO         5196    i.xTaskRemoveFromEventList  tasks.o
    0x0800c4fc   0x0800c4fc   0x00000104   Code   RO         5197    i.xTaskResumeAll    tasks.o
    0x0800c600   0x0800c600   0x00000078   Code   RO         5570    i.xTimerCreateTimerTask  timers.o
    0x0800c678   0x0800c678   0x00000084   Code   RO         5571    i.xTimerGenericCommand  timers.o
    0x0800c6fc   0x0800c6fc   0x00000118   Code   RO         6940    i.yaw_motor_msg_process  can2_app.o
    0x0800c814   0x0800c814   0x0000002c   Code   RO         8235    locale$$code        c_w.l(lc_ctype_c.o)
    0x0800c840   0x0800c840   0x00000018   Code   RO         7941    x$fpl$basic         fz_wm.l(basic.o)
    0x0800c858   0x0800c858   0x00000062   Code   RO         7943    x$fpl$d2f           fz_wm.l(d2f.o)
    0x0800c8ba   0x0800c8ba   0x00000002   PAD
    0x0800c8bc   0x0800c8bc   0x00000150   Code   RO         7945    x$fpl$dadd          fz_wm.l(daddsub_clz.o)
    0x0800ca0c   0x0800ca0c   0x00000018   Code   RO         8141    x$fpl$dcmpinf       fz_wm.l(dcmpi.o)
    0x0800ca24   0x0800ca24   0x000002b0   Code   RO         7952    x$fpl$ddiv          fz_wm.l(ddiv.o)
    0x0800ccd4   0x0800ccd4   0x00000078   Code   RO         8143    x$fpl$deqf          fz_wm.l(deqf.o)
    0x0800cd4c   0x0800cd4c   0x0000005e   Code   RO         7955    x$fpl$dfix          fz_wm.l(dfix.o)
    0x0800cdaa   0x0800cdaa   0x0000002e   Code   RO         7964    x$fpl$dflt          fz_wm.l(dflt_clz.o)
    0x0800cdd8   0x0800cdd8   0x00000026   Code   RO         7963    x$fpl$dfltu         fz_wm.l(dflt_clz.o)
    0x0800cdfe   0x0800cdfe   0x00000002   PAD
    0x0800ce00   0x0800ce00   0x00000078   Code   RO         7969    x$fpl$dleqf         fz_wm.l(dleqf.o)
    0x0800ce78   0x0800ce78   0x00000154   Code   RO         7971    x$fpl$dmul          fz_wm.l(dmul.o)
    0x0800cfcc   0x0800cfcc   0x0000009c   Code   RO         8145    x$fpl$dnaninf       fz_wm.l(dnaninf.o)
    0x0800d068   0x0800d068   0x0000000c   Code   RO         8147    x$fpl$dretinf       fz_wm.l(dretinf.o)
    0x0800d074   0x0800d074   0x0000006c   Code   RO         7973    x$fpl$drleqf        fz_wm.l(drleqf.o)
    0x0800d0e0   0x0800d0e0   0x00000016   Code   RO         7946    x$fpl$drsb          fz_wm.l(daddsub_clz.o)
    0x0800d0f6   0x0800d0f6   0x00000002   PAD
    0x0800d0f8   0x0800d0f8   0x00000198   Code   RO         8149    x$fpl$dsqrt         fz_wm.l(dsqrt_umaal.o)
    0x0800d290   0x0800d290   0x000001d4   Code   RO         7947    x$fpl$dsub          fz_wm.l(daddsub_clz.o)
    0x0800d464   0x0800d464   0x00000056   Code   RO         7975    x$fpl$f2d           fz_wm.l(f2d.o)
    0x0800d4ba   0x0800d4ba   0x0000008c   Code   RO         8151    x$fpl$fnaninf       fz_wm.l(fnaninf.o)
    0x0800d546   0x0800d546   0x0000000a   Code   RO         8223    x$fpl$fpinit        fz_wm.l(fpinit.o)
    0x0800d550   0x0800d550   0x0000000a   Code   RO         8153    x$fpl$fretinf       fz_wm.l(fretinf.o)
    0x0800d55a   0x0800d55a   0x00000000   Code   RO         8155    x$fpl$usenofp       fz_wm.l(usenofp.o)
    0x0800d55a   0x0800d55a   0x00000002   PAD
    0x0800d55c   0x0800d55c   0x00000048   Data   RO          312    .constdata          freertos.o
    0x0800d5a4   0x0800d5a4   0x00000008   Data   RO         1646    .constdata          stm32f4xx_hal_dma.o
    0x0800d5ac   0x0800d5ac   0x00000018   Data   RO         4516    .constdata          system_stm32f4xx.o
    0x0800d5c4   0x0800d5c4   0x00000304   Data   RO         7031    .constdata          judge.o
    0x0800d8c8   0x0800d8c8   0x000000b4   Data   RO         7461    .constdata          start_task.o
    0x0800d97c   0x0800d97c   0x00000014   Data   RO         7645    .constdata          bsp_imu.o
    0x0800d990   0x0800d990   0x00000050   Data   RO         7980    .constdata          m_wm.l(asin.o)
    0x0800d9e0   0x0800d9e0   0x00000098   Data   RO         7994    .constdata          m_wm.l(atan.o)
    0x0800da78   0x0800da78   0x00000030   Data   RO         8157    .constdata          m_wm.l(cos_i.o)
    0x0800daa8   0x0800daa8   0x00000008   Data   RO         8177    .constdata          m_wm.l(qnan.o)
    0x0800dab0   0x0800dab0   0x000000c8   Data   RO         8180    .constdata          m_wm.l(rred.o)
    0x0800db78   0x0800db78   0x00000028   Data   RO         8184    .constdata          m_wm.l(sin_i.o)
    0x0800dba0   0x0800dba0   0x00000018   Data   RO          313    .conststring        freertos.o
    0x0800dbb8   0x0800dbb8   0x00000046   Data   RO         7462    .conststring        start_task.o
    0x0800dbfe   0x0800dbfe   0x00000002   PAD
    0x0800dc00   0x0800dc00   0x00000020   Data   RO         8324    Region$$Table       anon$$obj.o
    0x0800dc20   0x0800dc20   0x00000110   Data   RO         8234    locale$$data        c_w.l(lc_ctype_c.o)


    Execution Region RW_IRAM2 (Exec base: 0x10000000, Load base: 0x0800ddb0, Size: 0x00000000, Max: 0x00010000, ABSOLUTE)

    **** No section assigned to this execution region ****


    Execution Region RW_IRAM1 (Exec base: 0x20000000, Load base: 0x0800dd30, Size: 0x00005ce0, Max: 0x00030000, ABSOLUTE, COMPRESSED[0x00000080])

    Exec Addr    Load Addr    Size         Type   Attr      Idx    E Section Name        Object

    0x20000000   COMPRESSED   0x00000011   Data   RW           19    .data               main.o
    0x20000011   COMPRESSED   0x00000003   PAD
    0x20000014   COMPRESSED   0x00000008   Data   RW          314    .data               freertos.o
    0x2000001c   COMPRESSED   0x00000024   Data   RW          370    .data               can.o
    0x20000040   COMPRESSED   0x00000008   Data   RW          543    .data               tim.o
    0x20000048   COMPRESSED   0x00000001   Data   RW          668    .data               stm32f4xx_it.o
    0x20000049   COMPRESSED   0x00000003   PAD
    0x2000004c   COMPRESSED   0x00000009   Data   RW         2098    .data               stm32f4xx_hal.o
    0x20000055   COMPRESSED   0x00000003   PAD
    0x20000058   COMPRESSED   0x00000004   Data   RW         4517    .data               system_stm32f4xx.o
    0x2000005c   COMPRESSED   0x00000044   Data   RW         5200    .data               tasks.o
    0x200000a0   COMPRESSED   0x00000014   Data   RW         5579    .data               timers.o
    0x200000b4   COMPRESSED   0x00000004   Data   RW         5816    .data               cmsis_os2.o
    0x200000b8   COMPRESSED   0x00000020   Data   RW         6278    .data               heap_4.o
    0x200000d8   COMPRESSED   0x0000000c   Data   RW         6334    .data               port.o
    0x200000e4   COMPRESSED   0x00000004   Data   RW         6409    .data               delay.o
    0x200000e8   COMPRESSED   0x00000030   Data   RW         6531    .data               pid.o
    0x20000118   COMPRESSED   0x00000004   Data   RW         6942    .data               can2_app.o
    0x2000011c   COMPRESSED   0x00000017   Data   RW         7032    .data               judge.o
    0x20000133   COMPRESSED   0x00000001   PAD
    0x20000134   COMPRESSED   0x0000014c   Data   RW         7292    .data               chassis_task.o
    0x20000280   COMPRESSED   0x00000004   Data   RW         7400    .data               connect_task.o
    0x20000284   COMPRESSED   0x00000014   Data   RW         7463    .data               start_task.o
    0x20000298   COMPRESSED   0x0000000c   Data   RW         7503    .data               test_task.o
    0x200002a4   COMPRESSED   0x00000008   Data   RW         7564    .data               ins_task.o
    0x200002ac   COMPRESSED   0x00000020   Data   RW         7595    .data               ultrasonic_task.o
    0x200002cc   COMPRESSED   0x0000005f   Data   RW         7646    .data               bsp_imu.o
    0x2000032b   COMPRESSED   0x00000001   PAD
    0x2000032c        -       0x00000080   Zero   RW           18    .bss                main.o
    0x200003ac        -       0x000000b8   Zero   RW          369    .bss                can.o
    0x20000464        -       0x00000054   Zero   RW          455    .bss                i2c.o
    0x200004b8        -       0x00000058   Zero   RW          497    .bss                spi.o
    0x20000510        -       0x00000090   Zero   RW          542    .bss                tim.o
    0x200005a0        -       0x00000148   Zero   RW          602    .bss                usart.o
    0x200006e8        -       0x00000048   Zero   RW          800    .bss                stm32f4xx_hal_timebase_tim.o
    0x20000730        -       0x00000040   Zero   RW         4758    .bss                queue.o
    0x20000770        -       0x000004c4   Zero   RW         5199    .bss                tasks.o
    0x20000c34        -       0x00000118   Zero   RW         5578    .bss                timers.o
    0x20000d4c        -       0x000006c8   Zero   RW         5815    .bss                cmsis_os2.o
    0x20001414        -       0x00003c00   Zero   RW         6277    .bss                heap_4.o
    0x20005014        -       0x00000150   Zero   RW         6864    .bss                can1_app.o
    0x20005164        -       0x00000054   Zero   RW         6941    .bss                can2_app.o
    0x200051b8        -       0x0000004f   Zero   RW         7030    .bss                judge.o
    0x20005207   COMPRESSED   0x00000001   PAD
    0x20005208        -       0x00000018   Zero   RW         7144    .bss                remote_app.o
    0x20005220        -       0x00000014   Zero   RW         7193    .bss                rule.o
    0x20005234        -       0x000001d4   Zero   RW         7291    .bss                chassis_task.o
    0x20005408        -       0x00000034   Zero   RW         7399    .bss                connect_task.o
    0x2000543c        -       0x000000fc   Zero   RW         7502    .bss                test_task.o
    0x20005538        -       0x00000064   Zero   RW         7644    .bss                bsp_imu.o
    0x2000559c        -       0x000000e4   Zero   RW         7916    .bss                c_w.l(rand.o)
    0x20005680        -       0x00000060   Zero   RW         8196    .bss                c_w.l(libspace.o)
    0x200056e0        -       0x00000200   Zero   RW            2    HEAP                startup_stm32f427xx.o
    0x200058e0        -       0x00000400   Zero   RW            1    STACK               startup_stm32f427xx.o


==============================================================================

Image component sizes


      Code (inc. data)   RO Data    RW Data    ZI Data      Debug   Object Name

      4874        382         20         95        100      13384   bsp_imu.o
       680         80          0         36        184       4393   can.o
       560         72          0          0        336       6377   can1_app.o
      1184        108          0          4         84      14592   can2_app.o
      4154        274          0        332        468      16211   chassis_task.o
       626         38          0          4       1736      66695   cmsis_os2.o
       406         16          0          4         52       5551   connect_task.o
        68         10          0          4          0        793   delay.o
        72          4          0          0          0        786   dma.o
         0          0          0          0          0      18328   event_groups.o
        98         32         96          8          0       2901   freertos.o
       340         14          0          0          0       1175   gpio.o
       724         74          0         32      15360       4911   heap_4.o
       240         26          0          0         84       1725   i2c.o
       108         14          0          8          0        870   ins_task.o
       986         58        772         23         79      10321   judge.o
       148          0          0          0          0       3610   list.o
       438         50          0         17        128     800014   main.o
       382          6          0         48          0       2807   pid.o
      1014         92          0         12          0      11785   port.o
         4          0          0          0          0        500   printf.o
      1922         20          0          0         64      17520   queue.o
         0          0          0          0         24       1783   remote_app.o
       128         24          0          0         20       1996   rule.o
       204         20          0          0         88       1701   spi.o
       156         62        250         20          0       1910   start_task.o
        64         26        428          0       1536        852   startup_stm32f427xx.o
       136         24          0          9          0       8922   stm32f4xx_hal.o
      2134          6          0          0          0      14459   stm32f4xx_hal_can.o
       292         22          0          0          0      34336   stm32f4xx_hal_cortex.o
      1444         16          8          0          0       7709   stm32f4xx_hal_dma.o
       540         54          0          0          0       2148   stm32f4xx_hal_gpio.o
      4358         48          0          0          0      23125   stm32f4xx_hal_i2c.o
       156          0          0          0          0       1939   stm32f4xx_hal_i2c_ex.o
        84          6          0          0          0        874   stm32f4xx_hal_msp.o
       140         12          0          0          0       1296   stm32f4xx_hal_pwr_ex.o
      1888         94          0          0          0       6333   stm32f4xx_hal_rcc.o
      1078         14          0          0          0       4705   stm32f4xx_hal_spi.o
      1286         76          0          0          0       9779   stm32f4xx_hal_tim.o
       184         30          0          0          0       2525   stm32f4xx_hal_tim_ex.o
       160         20          0          0         72       1451   stm32f4xx_hal_timebase_tim.o
      2796         26          0          0          0      16581   stm32f4xx_hal_uart.o
       226         68          0          1          0       8163   stm32f4xx_it.o
         0          0          0          0          0        392   stream_buffer.o
        20          6         24          4          0       1151   system_stm32f4xx.o
      3494        428          0         68       1220      31618   tasks.o
       440         46          0         12        252       3248   test_task.o
       380         42          0          8        144       3051   tim.o
      1318        124          0         20        280      31831   timers.o
       952         88          0         32          0       2052   ultrasonic_task.o
       550         54          0          0        328       3138   usart.o

    ----------------------------------------------------------------------
     43678       2806       1632        812      22640    1234317   Object Totals
         0          0         32          0          0          0   (incl. Generated)
        42          0          2         11          1          0   (incl. Padding)

    ----------------------------------------------------------------------

      Code (inc. data)   RO Data    RW Data    ZI Data      Debug   Library Member Name

        90          0          0          0          0          0   __dczerorl2.o
         8          0          0          0          0         68   __main.o
       104          0          0          0          0         84   __printf.o
         0          0          0          0          0          0   __rtentry.o
        12          0          0          0          0          0   __rtentry2.o
         6          0          0          0          0          0   __rtentry4.o
        52          8          0          0          0          0   __scatter.o
        28          0          0          0          0          0   __scatter_zi.o
        28          0          0          0          0         68   _chval.o
        48          6          0          0          0         96   _printf_char_common.o
         6          0          0          0          0          0   _printf_d.o
       120         16          0          0          0         92   _printf_dec.o
       178          0          0          0          0         88   _printf_intcommon.o
         0          0          0          0          0          0   _printf_percent.o
         4          0          0          0          0          0   _printf_percent_end.o
        22          0          0          0          0        100   _rserrno.o
        10          0          0          0          0         68   _sputc.o
       158          0          0          0          0         92   _strtoul.o
        16          0          0          0          0         68   aeabi_memset.o
        26          0          0          0          0         80   atoi.o
        18          0          0          0          0         80   exit.o
         6          0          0          0          0        152   heapauxi.o
        44         10        272          0          0         76   lc_ctype_c.o
         2          0          0          0          0          0   libinit.o
        28          0          0          0          0          0   libinit2.o
         2          0          0          0          0          0   libshutdown.o
         2          0          0          0          0          0   libshutdown2.o
         8          4          0          0         96         68   libspace.o
       238          0          0          0          0        100   lludivv7m.o
        40          6          0          0          0         84   noretval__2sprintf.o
       112         18          0          0        228        160   rand.o
        16          4          0          0          0         76   rt_ctype_table.o
         8          4          0          0          0         68   rt_errno_addr_intlibspace.o
         8          4          0          0          0         68   rt_locale_intlibspace.o
        68          0          0          0          0         68   rt_memclr.o
        78          0          0          0          0         80   rt_memclr_w.o
       138          0          0          0          0         68   rt_memcpy_v6.o
       100          0          0          0          0         80   rt_memcpy_w.o
         2          0          0          0          0          0   rtexit.o
        10          0          0          0          0          0   rtexit2.o
        24          0          0          0          0         68   strcat.o
       128          0          0          0          0         68   strcmpv7m.o
       112          0          0          0          0         88   strtol.o
        74          0          0          0          0         80   sys_stackheap_outer.o
         2          0          0          0          0         68   use_no_semi.o
         2          0          0          0          0         68   use_no_semi_2.o
        24          0          0          0          0        164   basic.o
        98          4          0          0          0        140   d2f.o
       826         16          0          0          0        492   daddsub_clz.o
        24          0          0          0          0        116   dcmpi.o
       688        140          0          0          0        256   ddiv.o
       120          4          0          0          0        140   deqf.o
        94          4          0          0          0        140   dfix.o
        84          0          0          0          0        232   dflt_clz.o
       120          4          0          0          0        140   dleqf.o
       340         12          0          0          0        152   dmul.o
       156          4          0          0          0        140   dnaninf.o
        12          0          0          0          0        116   dretinf.o
       108          0          0          0          0        128   drleqf.o
       408         56          0          0          0        168   dsqrt_umaal.o
        86          4          0          0          0        132   f2d.o
       140          4          0          0          0        132   fnaninf.o
        10          0          0          0          0        116   fpinit.o
        10          0          0          0          0        116   fretinf.o
         0          0          0          0          0          0   usenofp.o
       864         94         80          0          0        280   asin.o
       744        106        152          0          0        352   atan.o
       512         64          0          0          0        208   atan2.o
       200         20          0          0          0        164   cos.o
       368         46         48          0          0        200   cos_i.o
       104         16          0          0          0        496   dunder.o
        44          0          0          0          0        248   fabs.o
        48          0          0          0          0        124   fpclassify.o
       248          0          0          0          0        152   poly.o
         0          0          8          0          0          0   qnan.o
      1080        142        200          0          0        188   rred.o
       200         20          0          0          0        164   sin.o
       304         24         40          0          0        208   sin_i.o
       232          0          0          0          0        296   sqrt.o

    ----------------------------------------------------------------------
     10514        864        800          0        324       8672   Library Totals
        32          0          0          0          0          0   (incl. Padding)

    ----------------------------------------------------------------------

      Code (inc. data)   RO Data    RW Data    ZI Data      Debug   Library Name

      2186         80        272          0        324       2572   c_w.l
      3348        252          0          0          0       3020   fz_wm.l
      4948        532        528          0          0       3080   m_wm.l

    ----------------------------------------------------------------------
     10514        864        800          0        324       8672   Library Totals

    ----------------------------------------------------------------------

==============================================================================


      Code (inc. data)   RO Data    RW Data    ZI Data      Debug   

     54192       3670       2432        812      22964    1206433   Grand Totals
     54192       3670       2432        128      22964    1206433   ELF Image Totals (compressed)
     54192       3670       2432        128          0          0   ROM Totals

==============================================================================

    Total RO  Size (Code + RO Data)                56624 (  55.30kB)
    Total RW  Size (RW Data + ZI Data)             23776 (  23.22kB)
    Total ROM Size (Code + RO Data + RW Data)      56752 (  55.42kB)

==============================================================================

